[0.289s] DEBUG:colcon:Command line arguments: ['/usr/bin/colcon', 'build']
[0.289s] DEBUG:colcon:Parsed command line arguments: Namespace(log_base=None, log_level=None, verb_name='build', build_base='build', install_base='install', merge_install=False, symlink_install=False, test_result_base=None, continue_on_error=False, executor='parallel', parallel_workers=2, event_handlers=None, ignore_user_meta=False, metas=['./colcon.meta'], base_paths=['.'], packages_ignore=None, packages_ignore_regex=None, paths=None, packages_up_to=None, packages_up_to_regex=None, packages_above=None, packages_above_and_dependencies=None, packages_above_depth=None, packages_select_by_dep=None, packages_skip_by_dep=None, packages_skip_up_to=None, packages_select_build_failed=False, packages_skip_build_finished=False, packages_select_test_failures=False, packages_skip_test_passed=False, packages_select=None, packages_skip=None, packages_select_regex=None, packages_skip_regex=None, packages_start=None, packages_end=None, allow_overriding=[], cmake_args=None, cmake_target=None, cmake_target_skip_unavailable=False, cmake_clean_cache=False, cmake_clean_first=False, cmake_force_configure=False, ament_cmake_args=None, catkin_cmake_args=None, catkin_skip_building_tests=False, verb_parser=<colcon_defaults.argument_parser.defaults.DefaultArgumentsDecorator object at 0x7b9f509688b0>, verb_extension=<colcon_core.verb.build.BuildVerb object at 0x7b9f50a664a0>, main=<bound method BuildVerb.main of <colcon_core.verb.build.BuildVerb object at 0x7b9f50a664a0>>)
[0.768s] Level 1:colcon.colcon_core.package_discovery:discover_packages(colcon_meta) check parameters
[0.768s] Level 1:colcon.colcon_core.package_discovery:discover_packages(recursive) check parameters
[0.768s] Level 1:colcon.colcon_core.package_discovery:discover_packages(ignore) check parameters
[0.768s] Level 1:colcon.colcon_core.package_discovery:discover_packages(path) check parameters
[0.768s] Level 1:colcon.colcon_core.package_discovery:discover_packages(colcon_meta) discover
[0.769s] Level 1:colcon.colcon_core.package_discovery:discover_packages(recursive) discover
[0.769s] INFO:colcon.colcon_core.package_discovery:Crawling recursively for packages in '/home/jack/ros2_homework_advanced'
[0.769s] Level 1:colcon.colcon_core.package_identification:_identify(.) by extensions ['ignore', 'ignore_ament_install']
[0.769s] Level 1:colcon.colcon_core.package_identification:_identify(.) by extension 'ignore'
[0.769s] Level 1:colcon.colcon_core.package_identification:_identify(.) by extension 'ignore_ament_install'
[0.770s] Level 1:colcon.colcon_core.package_identification:_identify(.) by extensions ['colcon_pkg']
[0.770s] Level 1:colcon.colcon_core.package_identification:_identify(.) by extension 'colcon_pkg'
[0.770s] Level 1:colcon.colcon_core.package_identification:_identify(.) by extensions ['colcon_meta']
[0.770s] Level 1:colcon.colcon_core.package_identification:_identify(.) by extension 'colcon_meta'
[0.770s] Level 1:colcon.colcon_core.package_identification:_identify(.) by extensions ['ros']
[0.770s] Level 1:colcon.colcon_core.package_identification:_identify(.) by extension 'ros'
[0.872s] Level 1:colcon.colcon_core.package_identification:_identify(.) by extensions ['cmake', 'python']
[0.872s] Level 1:colcon.colcon_core.package_identification:_identify(.) by extension 'cmake'
[0.872s] Level 1:colcon.colcon_core.package_identification:_identify(.) by extension 'python'
[0.872s] Level 1:colcon.colcon_core.package_identification:_identify(.) by extensions ['python_setup_py']
[0.872s] Level 1:colcon.colcon_core.package_identification:_identify(.) by extension 'python_setup_py'
[0.872s] Level 1:colcon.colcon_core.package_identification:_identify(build) by extensions ['ignore', 'ignore_ament_install']
[0.873s] Level 1:colcon.colcon_core.package_identification:_identify(build) by extension 'ignore'
[0.873s] Level 1:colcon.colcon_core.package_identification:_identify(build) ignored
[0.873s] Level 1:colcon.colcon_core.package_identification:_identify(fsd_common_msgs) by extensions ['ignore', 'ignore_ament_install']
[0.873s] Level 1:colcon.colcon_core.package_identification:_identify(fsd_common_msgs) by extension 'ignore'
[0.873s] Level 1:colcon.colcon_core.package_identification:_identify(fsd_common_msgs) by extension 'ignore_ament_install'
[0.874s] Level 1:colcon.colcon_core.package_identification:_identify(fsd_common_msgs) by extensions ['colcon_pkg']
[0.874s] Level 1:colcon.colcon_core.package_identification:_identify(fsd_common_msgs) by extension 'colcon_pkg'
[0.874s] Level 1:colcon.colcon_core.package_identification:_identify(fsd_common_msgs) by extensions ['colcon_meta']
[0.874s] Level 1:colcon.colcon_core.package_identification:_identify(fsd_common_msgs) by extension 'colcon_meta'
[0.874s] Level 1:colcon.colcon_core.package_identification:_identify(fsd_common_msgs) by extensions ['ros']
[0.874s] Level 1:colcon.colcon_core.package_identification:_identify(fsd_common_msgs) by extension 'ros'
[0.881s] DEBUG:colcon.colcon_core.package_identification:Package 'fsd_common_msgs' with type 'ros.ament_cmake' and name 'fsd_common_msgs'
[0.881s] Level 1:colcon.colcon_core.package_identification:_identify(install) by extensions ['ignore', 'ignore_ament_install']
[0.882s] Level 1:colcon.colcon_core.package_identification:_identify(install) by extension 'ignore'
[0.882s] Level 1:colcon.colcon_core.package_identification:_identify(install) ignored
[0.882s] Level 1:colcon.colcon_core.package_identification:_identify(log) by extensions ['ignore', 'ignore_ament_install']
[0.882s] Level 1:colcon.colcon_core.package_identification:_identify(log) by extension 'ignore'
[0.882s] Level 1:colcon.colcon_core.package_identification:_identify(log) ignored
[0.883s] Level 1:colcon.colcon_core.package_identification:_identify(map_to_visualize) by extensions ['ignore', 'ignore_ament_install']
[0.883s] Level 1:colcon.colcon_core.package_identification:_identify(map_to_visualize) by extension 'ignore'
[0.883s] Level 1:colcon.colcon_core.package_identification:_identify(map_to_visualize) by extension 'ignore_ament_install'
[0.883s] Level 1:colcon.colcon_core.package_identification:_identify(map_to_visualize) by extensions ['colcon_pkg']
[0.883s] Level 1:colcon.colcon_core.package_identification:_identify(map_to_visualize) by extension 'colcon_pkg'
[0.883s] Level 1:colcon.colcon_core.package_identification:_identify(map_to_visualize) by extensions ['colcon_meta']
[0.883s] Level 1:colcon.colcon_core.package_identification:_identify(map_to_visualize) by extension 'colcon_meta'
[0.883s] Level 1:colcon.colcon_core.package_identification:_identify(map_to_visualize) by extensions ['ros']
[0.884s] Level 1:colcon.colcon_core.package_identification:_identify(map_to_visualize) by extension 'ros'
[0.884s] Level 1:colcon.colcon_core.package_identification:_identify(map_to_visualize) by extensions ['cmake', 'python']
[0.884s] Level 1:colcon.colcon_core.package_identification:_identify(map_to_visualize) by extension 'cmake'
[0.884s] Level 1:colcon.colcon_core.package_identification:_identify(map_to_visualize) by extension 'python'
[0.884s] Level 1:colcon.colcon_core.package_identification:_identify(map_to_visualize) by extensions ['python_setup_py']
[0.884s] Level 1:colcon.colcon_core.package_identification:_identify(map_to_visualize) by extension 'python_setup_py'
[0.884s] Level 1:colcon.colcon_core.package_identification:_identify(src) by extensions ['ignore', 'ignore_ament_install']
[0.885s] Level 1:colcon.colcon_core.package_identification:_identify(src) by extension 'ignore'
[0.885s] Level 1:colcon.colcon_core.package_identification:_identify(src) by extension 'ignore_ament_install'
[0.885s] Level 1:colcon.colcon_core.package_identification:_identify(src) by extensions ['colcon_pkg']
[0.885s] Level 1:colcon.colcon_core.package_identification:_identify(src) by extension 'colcon_pkg'
[0.885s] Level 1:colcon.colcon_core.package_identification:_identify(src) by extensions ['colcon_meta']
[0.885s] Level 1:colcon.colcon_core.package_identification:_identify(src) by extension 'colcon_meta'
[0.885s] Level 1:colcon.colcon_core.package_identification:_identify(src) by extensions ['ros']
[0.885s] Level 1:colcon.colcon_core.package_identification:_identify(src) by extension 'ros'
[0.885s] Level 1:colcon.colcon_core.package_identification:_identify(src) by extensions ['cmake', 'python']
[0.886s] Level 1:colcon.colcon_core.package_identification:_identify(src) by extension 'cmake'
[0.886s] Level 1:colcon.colcon_core.package_identification:_identify(src) by extension 'python'
[0.886s] Level 1:colcon.colcon_core.package_identification:_identify(src) by extensions ['python_setup_py']
[0.886s] Level 1:colcon.colcon_core.package_identification:_identify(src) by extension 'python_setup_py'
[0.886s] Level 1:colcon.colcon_core.package_identification:_identify(src/cone_visualizer) by extensions ['ignore', 'ignore_ament_install']
[0.886s] Level 1:colcon.colcon_core.package_identification:_identify(src/cone_visualizer) by extension 'ignore'
[0.886s] Level 1:colcon.colcon_core.package_identification:_identify(src/cone_visualizer) by extension 'ignore_ament_install'
[0.887s] Level 1:colcon.colcon_core.package_identification:_identify(src/cone_visualizer) by extensions ['colcon_pkg']
[0.887s] Level 1:colcon.colcon_core.package_identification:_identify(src/cone_visualizer) by extension 'colcon_pkg'
[0.887s] Level 1:colcon.colcon_core.package_identification:_identify(src/cone_visualizer) by extensions ['colcon_meta']
[0.887s] Level 1:colcon.colcon_core.package_identification:_identify(src/cone_visualizer) by extension 'colcon_meta'
[0.887s] Level 1:colcon.colcon_core.package_identification:_identify(src/cone_visualizer) by extensions ['ros']
[0.887s] Level 1:colcon.colcon_core.package_identification:_identify(src/cone_visualizer) by extension 'ros'
[0.889s] DEBUG:colcon.colcon_core.package_identification:Package 'src/cone_visualizer' with type 'ros.ament_cmake' and name 'cone_visualizer'
[0.889s] Level 1:colcon.colcon_core.package_discovery:discover_packages(recursive) using defaults
[0.889s] Level 1:colcon.colcon_core.package_discovery:discover_packages(ignore) discover
[0.890s] Level 1:colcon.colcon_core.package_discovery:discover_packages(ignore) using defaults
[0.890s] Level 1:colcon.colcon_core.package_discovery:discover_packages(path) discover
[0.890s] Level 1:colcon.colcon_core.package_discovery:discover_packages(path) using defaults
[0.940s] Level 1:colcon.colcon_core.package_discovery:discover_packages(prefix_path) check parameters
[0.941s] Level 1:colcon.colcon_core.package_discovery:discover_packages(prefix_path) discover
[0.948s] DEBUG:colcon.colcon_installed_package_information.package_discovery:Found 320 installed packages in /opt/ros/humble
[0.954s] Level 1:colcon.colcon_core.package_discovery:discover_packages(prefix_path) using defaults
[1.066s] Level 5:colcon.colcon_core.verb:set package 'fsd_common_msgs' build argument 'cmake_args' from command line to 'None'
[1.066s] Level 5:colcon.colcon_core.verb:set package 'fsd_common_msgs' build argument 'cmake_target' from command line to 'None'
[1.066s] Level 5:colcon.colcon_core.verb:set package 'fsd_common_msgs' build argument 'cmake_target_skip_unavailable' from command line to 'False'
[1.066s] Level 5:colcon.colcon_core.verb:set package 'fsd_common_msgs' build argument 'cmake_clean_cache' from command line to 'False'
[1.066s] Level 5:colcon.colcon_core.verb:set package 'fsd_common_msgs' build argument 'cmake_clean_first' from command line to 'False'
[1.067s] Level 5:colcon.colcon_core.verb:set package 'fsd_common_msgs' build argument 'cmake_force_configure' from command line to 'False'
[1.067s] Level 5:colcon.colcon_core.verb:set package 'fsd_common_msgs' build argument 'ament_cmake_args' from command line to 'None'
[1.067s] Level 5:colcon.colcon_core.verb:set package 'fsd_common_msgs' build argument 'catkin_cmake_args' from command line to 'None'
[1.067s] Level 5:colcon.colcon_core.verb:set package 'fsd_common_msgs' build argument 'catkin_skip_building_tests' from command line to 'False'
[1.067s] DEBUG:colcon.colcon_core.verb:Building package 'fsd_common_msgs' with the following arguments: {'ament_cmake_args': None, 'build_base': '/home/jack/ros2_homework_advanced/build/fsd_common_msgs', 'catkin_cmake_args': None, 'catkin_skip_building_tests': False, 'cmake_args': None, 'cmake_clean_cache': False, 'cmake_clean_first': False, 'cmake_force_configure': False, 'cmake_target': None, 'cmake_target_skip_unavailable': False, 'install_base': '/home/jack/ros2_homework_advanced/install/fsd_common_msgs', 'merge_install': False, 'path': '/home/jack/ros2_homework_advanced/fsd_common_msgs', 'symlink_install': False, 'test_result_base': None}
[1.068s] Level 5:colcon.colcon_core.verb:set package 'cone_visualizer' build argument 'cmake_args' from command line to 'None'
[1.068s] Level 5:colcon.colcon_core.verb:set package 'cone_visualizer' build argument 'cmake_target' from command line to 'None'
[1.068s] Level 5:colcon.colcon_core.verb:set package 'cone_visualizer' build argument 'cmake_target_skip_unavailable' from command line to 'False'
[1.068s] Level 5:colcon.colcon_core.verb:set package 'cone_visualizer' build argument 'cmake_clean_cache' from command line to 'False'
[1.068s] Level 5:colcon.colcon_core.verb:set package 'cone_visualizer' build argument 'cmake_clean_first' from command line to 'False'
[1.068s] Level 5:colcon.colcon_core.verb:set package 'cone_visualizer' build argument 'cmake_force_configure' from command line to 'False'
[1.068s] Level 5:colcon.colcon_core.verb:set package 'cone_visualizer' build argument 'ament_cmake_args' from command line to 'None'
[1.068s] Level 5:colcon.colcon_core.verb:set package 'cone_visualizer' build argument 'catkin_cmake_args' from command line to 'None'
[1.068s] Level 5:colcon.colcon_core.verb:set package 'cone_visualizer' build argument 'catkin_skip_building_tests' from command line to 'False'
[1.068s] DEBUG:colcon.colcon_core.verb:Building package 'cone_visualizer' with the following arguments: {'ament_cmake_args': None, 'build_base': '/home/jack/ros2_homework_advanced/build/cone_visualizer', 'catkin_cmake_args': None, 'catkin_skip_building_tests': False, 'cmake_args': None, 'cmake_clean_cache': False, 'cmake_clean_first': False, 'cmake_force_configure': False, 'cmake_target': None, 'cmake_target_skip_unavailable': False, 'install_base': '/home/jack/ros2_homework_advanced/install/cone_visualizer', 'merge_install': False, 'path': '/home/jack/ros2_homework_advanced/src/cone_visualizer', 'symlink_install': False, 'test_result_base': None}
[1.068s] INFO:colcon.colcon_core.executor:Executing jobs using 'parallel' executor
[1.070s] DEBUG:colcon.colcon_parallel_executor.executor.parallel:run_until_complete
[1.071s] INFO:colcon.colcon_ros.task.ament_cmake.build:Building ROS package in '/home/jack/ros2_homework_advanced/fsd_common_msgs' with build type 'ament_cmake'
[1.071s] INFO:colcon.colcon_cmake.task.cmake.build:Building CMake package in '/home/jack/ros2_homework_advanced/fsd_common_msgs'
[1.077s] INFO:colcon.colcon_core.plugin_system:Skipping extension 'colcon_core.shell.bat': Not used on non-Windows systems
[1.077s] INFO:colcon.colcon_core.shell:Skip shell extension 'powershell' for command environment: Not usable outside of PowerShell
[1.077s] DEBUG:colcon.colcon_core.shell:Skip shell extension 'dsv' for command environment
[1.095s] DEBUG:colcon.colcon_core.event_handler.log_command:Invoking command in '/home/jack/ros2_homework_advanced/build/fsd_common_msgs': CMAKE_PREFIX_PATH=/opt/ros/humble /usr/bin/cmake /home/jack/ros2_homework_advanced/fsd_common_msgs -DCMAKE_INSTALL_PREFIX=/home/jack/ros2_homework_advanced/install/fsd_common_msgs
[7.389s] DEBUG:colcon.colcon_core.event_handler.log_command:Invoked command in '/home/jack/ros2_homework_advanced/build/fsd_common_msgs' returned '0': CMAKE_PREFIX_PATH=/opt/ros/humble /usr/bin/cmake /home/jack/ros2_homework_advanced/fsd_common_msgs -DCMAKE_INSTALL_PREFIX=/home/jack/ros2_homework_advanced/install/fsd_common_msgs
[7.392s] DEBUG:colcon.colcon_core.event_handler.log_command:Invoking command in '/home/jack/ros2_homework_advanced/build/fsd_common_msgs': CMAKE_PREFIX_PATH=/opt/ros/humble /usr/bin/cmake --build /home/jack/ros2_homework_advanced/build/fsd_common_msgs -- -j2 -l2
[221.239s] DEBUG:colcon.colcon_core.event_handler.log_command:Invoked command in '/home/jack/ros2_homework_advanced/build/fsd_common_msgs' returned '0': CMAKE_PREFIX_PATH=/opt/ros/humble /usr/bin/cmake --build /home/jack/ros2_homework_advanced/build/fsd_common_msgs -- -j2 -l2
[221.273s] DEBUG:colcon.colcon_core.event_handler.log_command:Invoking command in '/home/jack/ros2_homework_advanced/build/fsd_common_msgs': CMAKE_PREFIX_PATH=/opt/ros/humble /usr/bin/cmake --install /home/jack/ros2_homework_advanced/build/fsd_common_msgs
[222.015s] Level 1:colcon.colcon_core.environment:create_environment_scripts_only(fsd_common_msgs)
[222.017s] DEBUG:colcon.colcon_core.event_handler.log_command:Invoked command in '/home/jack/ros2_homework_advanced/build/fsd_common_msgs' returned '0': CMAKE_PREFIX_PATH=/opt/ros/humble /usr/bin/cmake --install /home/jack/ros2_homework_advanced/build/fsd_common_msgs
[222.025s] Level 1:colcon.colcon_core.environment:checking '/home/jack/ros2_homework_advanced/install/fsd_common_msgs' for CMake module files
[222.027s] Level 1:colcon.colcon_core.environment:checking '/home/jack/ros2_homework_advanced/install/fsd_common_msgs' for CMake config files
[222.029s] Level 1:colcon.colcon_core.shell:create_environment_hook('fsd_common_msgs', 'cmake_prefix_path')
[222.030s] INFO:colcon.colcon_core.shell:Creating environment hook '/home/jack/ros2_homework_advanced/install/fsd_common_msgs/share/fsd_common_msgs/hook/cmake_prefix_path.ps1'
[222.033s] INFO:colcon.colcon_core.shell:Creating environment descriptor '/home/jack/ros2_homework_advanced/install/fsd_common_msgs/share/fsd_common_msgs/hook/cmake_prefix_path.dsv'
[222.035s] INFO:colcon.colcon_core.shell:Creating environment hook '/home/jack/ros2_homework_advanced/install/fsd_common_msgs/share/fsd_common_msgs/hook/cmake_prefix_path.sh'
[222.038s] Level 1:colcon.colcon_core.environment:checking '/home/jack/ros2_homework_advanced/install/fsd_common_msgs/lib'
[222.038s] Level 1:colcon.colcon_core.shell:create_environment_hook('fsd_common_msgs', 'ld_library_path_lib')
[222.039s] INFO:colcon.colcon_core.shell:Creating environment hook '/home/jack/ros2_homework_advanced/install/fsd_common_msgs/share/fsd_common_msgs/hook/ld_library_path_lib.ps1'
[222.041s] INFO:colcon.colcon_core.shell:Creating environment descriptor '/home/jack/ros2_homework_advanced/install/fsd_common_msgs/share/fsd_common_msgs/hook/ld_library_path_lib.dsv'
[222.042s] INFO:colcon.colcon_core.shell:Creating environment hook '/home/jack/ros2_homework_advanced/install/fsd_common_msgs/share/fsd_common_msgs/hook/ld_library_path_lib.sh'
[222.043s] Level 1:colcon.colcon_core.environment:checking '/home/jack/ros2_homework_advanced/install/fsd_common_msgs/bin'
[222.044s] Level 1:colcon.colcon_core.environment:checking '/home/jack/ros2_homework_advanced/install/fsd_common_msgs/lib/pkgconfig/fsd_common_msgs.pc'
[222.045s] Level 1:colcon.colcon_core.environment:checking '/home/jack/ros2_homework_advanced/install/fsd_common_msgs/lib/python3.10/site-packages'
[222.046s] Level 1:colcon.colcon_core.environment:checking '/home/jack/ros2_homework_advanced/install/fsd_common_msgs/bin'
[222.048s] INFO:colcon.colcon_core.shell:Creating package script '/home/jack/ros2_homework_advanced/install/fsd_common_msgs/share/fsd_common_msgs/package.ps1'
[222.051s] INFO:colcon.colcon_core.shell:Creating package descriptor '/home/jack/ros2_homework_advanced/install/fsd_common_msgs/share/fsd_common_msgs/package.dsv'
[222.053s] INFO:colcon.colcon_core.shell:Creating package script '/home/jack/ros2_homework_advanced/install/fsd_common_msgs/share/fsd_common_msgs/package.sh'
[222.056s] INFO:colcon.colcon_core.shell:Creating package script '/home/jack/ros2_homework_advanced/install/fsd_common_msgs/share/fsd_common_msgs/package.bash'
[222.060s] INFO:colcon.colcon_core.shell:Creating package script '/home/jack/ros2_homework_advanced/install/fsd_common_msgs/share/fsd_common_msgs/package.zsh'
[222.062s] Level 1:colcon.colcon_core.environment:create_file_with_runtime_dependencies(/home/jack/ros2_homework_advanced/install/fsd_common_msgs/share/colcon-core/packages/fsd_common_msgs)
[222.064s] Level 1:colcon.colcon_core.environment:create_environment_scripts_only(fsd_common_msgs)
[222.065s] Level 1:colcon.colcon_core.environment:checking '/home/jack/ros2_homework_advanced/install/fsd_common_msgs' for CMake module files
[222.067s] Level 1:colcon.colcon_core.environment:checking '/home/jack/ros2_homework_advanced/install/fsd_common_msgs' for CMake config files
[222.070s] Level 1:colcon.colcon_core.shell:create_environment_hook('fsd_common_msgs', 'cmake_prefix_path')
[222.070s] INFO:colcon.colcon_core.shell:Creating environment hook '/home/jack/ros2_homework_advanced/install/fsd_common_msgs/share/fsd_common_msgs/hook/cmake_prefix_path.ps1'
[222.072s] INFO:colcon.colcon_core.shell:Creating environment descriptor '/home/jack/ros2_homework_advanced/install/fsd_common_msgs/share/fsd_common_msgs/hook/cmake_prefix_path.dsv'
[222.074s] INFO:colcon.colcon_core.shell:Creating environment hook '/home/jack/ros2_homework_advanced/install/fsd_common_msgs/share/fsd_common_msgs/hook/cmake_prefix_path.sh'
[222.076s] Level 1:colcon.colcon_core.environment:checking '/home/jack/ros2_homework_advanced/install/fsd_common_msgs/lib'
[222.076s] Level 1:colcon.colcon_core.shell:create_environment_hook('fsd_common_msgs', 'ld_library_path_lib')
[222.077s] INFO:colcon.colcon_core.shell:Creating environment hook '/home/jack/ros2_homework_advanced/install/fsd_common_msgs/share/fsd_common_msgs/hook/ld_library_path_lib.ps1'
[222.079s] INFO:colcon.colcon_core.shell:Creating environment descriptor '/home/jack/ros2_homework_advanced/install/fsd_common_msgs/share/fsd_common_msgs/hook/ld_library_path_lib.dsv'
[222.080s] INFO:colcon.colcon_core.shell:Creating environment hook '/home/jack/ros2_homework_advanced/install/fsd_common_msgs/share/fsd_common_msgs/hook/ld_library_path_lib.sh'
[222.081s] Level 1:colcon.colcon_core.environment:checking '/home/jack/ros2_homework_advanced/install/fsd_common_msgs/bin'
[222.082s] Level 1:colcon.colcon_core.environment:checking '/home/jack/ros2_homework_advanced/install/fsd_common_msgs/lib/pkgconfig/fsd_common_msgs.pc'
[222.083s] Level 1:colcon.colcon_core.environment:checking '/home/jack/ros2_homework_advanced/install/fsd_common_msgs/lib/python3.10/site-packages'
[222.084s] Level 1:colcon.colcon_core.environment:checking '/home/jack/ros2_homework_advanced/install/fsd_common_msgs/bin'
[222.085s] INFO:colcon.colcon_core.shell:Creating package script '/home/jack/ros2_homework_advanced/install/fsd_common_msgs/share/fsd_common_msgs/package.ps1'
[222.088s] INFO:colcon.colcon_core.shell:Creating package descriptor '/home/jack/ros2_homework_advanced/install/fsd_common_msgs/share/fsd_common_msgs/package.dsv'
[222.090s] INFO:colcon.colcon_core.shell:Creating package script '/home/jack/ros2_homework_advanced/install/fsd_common_msgs/share/fsd_common_msgs/package.sh'
[222.091s] INFO:colcon.colcon_core.shell:Creating package script '/home/jack/ros2_homework_advanced/install/fsd_common_msgs/share/fsd_common_msgs/package.bash'
[222.093s] INFO:colcon.colcon_core.shell:Creating package script '/home/jack/ros2_homework_advanced/install/fsd_common_msgs/share/fsd_common_msgs/package.zsh'
[222.094s] Level 1:colcon.colcon_core.environment:create_file_with_runtime_dependencies(/home/jack/ros2_homework_advanced/install/fsd_common_msgs/share/colcon-core/packages/fsd_common_msgs)
[222.095s] INFO:colcon.colcon_ros.task.ament_cmake.build:Building ROS package in '/home/jack/ros2_homework_advanced/src/cone_visualizer' with build type 'ament_cmake'
[222.096s] INFO:colcon.colcon_cmake.task.cmake.build:Building CMake package in '/home/jack/ros2_homework_advanced/src/cone_visualizer'
[222.098s] INFO:colcon.colcon_core.shell:Skip shell extension 'powershell' for command environment: Not usable outside of PowerShell
[222.098s] DEBUG:colcon.colcon_core.shell:Skip shell extension 'dsv' for command environment
[222.128s] DEBUG:colcon.colcon_core.event_handler.log_command:Invoking command in '/home/jack/ros2_homework_advanced/build/cone_visualizer': AMENT_PREFIX_PATH=/home/jack/ros2_homework_advanced/install/fsd_common_msgs:${AMENT_PREFIX_PATH} CMAKE_PREFIX_PATH=/home/jack/ros2_homework_advanced/install/fsd_common_msgs:/opt/ros/humble LD_LIBRARY_PATH=/home/jack/ros2_homework_advanced/install/fsd_common_msgs/lib:${LD_LIBRARY_PATH} PYTHONPATH=/home/jack/ros2_homework_advanced/install/fsd_common_msgs/local/lib/python3.10/dist-packages:${PYTHONPATH} /usr/bin/cmake /home/jack/ros2_homework_advanced/src/cone_visualizer -DCMAKE_INSTALL_PREFIX=/home/jack/ros2_homework_advanced/install/cone_visualizer
[229.565s] DEBUG:colcon.colcon_core.event_handler.log_command:Invoked command in '/home/jack/ros2_homework_advanced/build/cone_visualizer' returned '0': AMENT_PREFIX_PATH=/home/jack/ros2_homework_advanced/install/fsd_common_msgs:${AMENT_PREFIX_PATH} CMAKE_PREFIX_PATH=/home/jack/ros2_homework_advanced/install/fsd_common_msgs:/opt/ros/humble LD_LIBRARY_PATH=/home/jack/ros2_homework_advanced/install/fsd_common_msgs/lib:${LD_LIBRARY_PATH} PYTHONPATH=/home/jack/ros2_homework_advanced/install/fsd_common_msgs/local/lib/python3.10/dist-packages:${PYTHONPATH} /usr/bin/cmake /home/jack/ros2_homework_advanced/src/cone_visualizer -DCMAKE_INSTALL_PREFIX=/home/jack/ros2_homework_advanced/install/cone_visualizer
[229.567s] DEBUG:colcon.colcon_core.event_handler.log_command:Invoking command in '/home/jack/ros2_homework_advanced/build/cone_visualizer': AMENT_PREFIX_PATH=/home/jack/ros2_homework_advanced/install/fsd_common_msgs:${AMENT_PREFIX_PATH} CMAKE_PREFIX_PATH=/home/jack/ros2_homework_advanced/install/fsd_common_msgs:/opt/ros/humble LD_LIBRARY_PATH=/home/jack/ros2_homework_advanced/install/fsd_common_msgs/lib:${LD_LIBRARY_PATH} PYTHONPATH=/home/jack/ros2_homework_advanced/install/fsd_common_msgs/local/lib/python3.10/dist-packages:${PYTHONPATH} /usr/bin/cmake --build /home/jack/ros2_homework_advanced/build/cone_visualizer -- -j2 -l2
[263.950s] DEBUG:colcon.colcon_core.event_handler.log_command:Invoked command in '/home/jack/ros2_homework_advanced/build/cone_visualizer' returned '0': AMENT_PREFIX_PATH=/home/jack/ros2_homework_advanced/install/fsd_common_msgs:${AMENT_PREFIX_PATH} CMAKE_PREFIX_PATH=/home/jack/ros2_homework_advanced/install/fsd_common_msgs:/opt/ros/humble LD_LIBRARY_PATH=/home/jack/ros2_homework_advanced/install/fsd_common_msgs/lib:${LD_LIBRARY_PATH} PYTHONPATH=/home/jack/ros2_homework_advanced/install/fsd_common_msgs/local/lib/python3.10/dist-packages:${PYTHONPATH} /usr/bin/cmake --build /home/jack/ros2_homework_advanced/build/cone_visualizer -- -j2 -l2
[263.953s] DEBUG:colcon.colcon_core.event_handler.log_command:Invoking command in '/home/jack/ros2_homework_advanced/build/cone_visualizer': AMENT_PREFIX_PATH=/home/jack/ros2_homework_advanced/install/fsd_common_msgs:${AMENT_PREFIX_PATH} CMAKE_PREFIX_PATH=/home/jack/ros2_homework_advanced/install/fsd_common_msgs:/opt/ros/humble LD_LIBRARY_PATH=/home/jack/ros2_homework_advanced/install/fsd_common_msgs/lib:${LD_LIBRARY_PATH} PYTHONPATH=/home/jack/ros2_homework_advanced/install/fsd_common_msgs/local/lib/python3.10/dist-packages:${PYTHONPATH} /usr/bin/cmake --install /home/jack/ros2_homework_advanced/build/cone_visualizer
[264.021s] Level 1:colcon.colcon_core.environment:create_environment_scripts_only(cone_visualizer)
[264.022s] Level 1:colcon.colcon_core.environment:checking '/home/jack/ros2_homework_advanced/install/cone_visualizer' for CMake module files
[264.023s] DEBUG:colcon.colcon_core.event_handler.log_command:Invoked command in '/home/jack/ros2_homework_advanced/build/cone_visualizer' returned '0': AMENT_PREFIX_PATH=/home/jack/ros2_homework_advanced/install/fsd_common_msgs:${AMENT_PREFIX_PATH} CMAKE_PREFIX_PATH=/home/jack/ros2_homework_advanced/install/fsd_common_msgs:/opt/ros/humble LD_LIBRARY_PATH=/home/jack/ros2_homework_advanced/install/fsd_common_msgs/lib:${LD_LIBRARY_PATH} PYTHONPATH=/home/jack/ros2_homework_advanced/install/fsd_common_msgs/local/lib/python3.10/dist-packages:${PYTHONPATH} /usr/bin/cmake --install /home/jack/ros2_homework_advanced/build/cone_visualizer
[264.024s] Level 1:colcon.colcon_core.environment:checking '/home/jack/ros2_homework_advanced/install/cone_visualizer' for CMake config files
[264.025s] Level 1:colcon.colcon_core.shell:create_environment_hook('cone_visualizer', 'cmake_prefix_path')
[264.025s] INFO:colcon.colcon_core.shell:Creating environment hook '/home/jack/ros2_homework_advanced/install/cone_visualizer/share/cone_visualizer/hook/cmake_prefix_path.ps1'
[264.027s] INFO:colcon.colcon_core.shell:Creating environment descriptor '/home/jack/ros2_homework_advanced/install/cone_visualizer/share/cone_visualizer/hook/cmake_prefix_path.dsv'
[264.028s] INFO:colcon.colcon_core.shell:Creating environment hook '/home/jack/ros2_homework_advanced/install/cone_visualizer/share/cone_visualizer/hook/cmake_prefix_path.sh'
[264.031s] Level 1:colcon.colcon_core.environment:checking '/home/jack/ros2_homework_advanced/install/cone_visualizer/lib'
[264.032s] Level 1:colcon.colcon_core.environment:checking '/home/jack/ros2_homework_advanced/install/cone_visualizer/bin'
[264.032s] Level 1:colcon.colcon_core.environment:checking '/home/jack/ros2_homework_advanced/install/cone_visualizer/lib/pkgconfig/cone_visualizer.pc'
[264.032s] Level 1:colcon.colcon_core.environment:checking '/home/jack/ros2_homework_advanced/install/cone_visualizer/lib/python3.10/site-packages'
[264.035s] Level 1:colcon.colcon_core.environment:checking '/home/jack/ros2_homework_advanced/install/cone_visualizer/bin'
[264.036s] INFO:colcon.colcon_core.shell:Creating package script '/home/jack/ros2_homework_advanced/install/cone_visualizer/share/cone_visualizer/package.ps1'
[264.048s] INFO:colcon.colcon_core.shell:Creating package descriptor '/home/jack/ros2_homework_advanced/install/cone_visualizer/share/cone_visualizer/package.dsv'
[264.067s] INFO:colcon.colcon_core.shell:Creating package script '/home/jack/ros2_homework_advanced/install/cone_visualizer/share/cone_visualizer/package.sh'
[264.069s] INFO:colcon.colcon_core.shell:Creating package script '/home/jack/ros2_homework_advanced/install/cone_visualizer/share/cone_visualizer/package.bash'
[264.085s] INFO:colcon.colcon_core.shell:Creating package script '/home/jack/ros2_homework_advanced/install/cone_visualizer/share/cone_visualizer/package.zsh'
[264.086s] Level 1:colcon.colcon_core.environment:create_file_with_runtime_dependencies(/home/jack/ros2_homework_advanced/install/cone_visualizer/share/colcon-core/packages/cone_visualizer)
[264.088s] Level 1:colcon.colcon_core.environment:create_environment_scripts_only(cone_visualizer)
[264.089s] Level 1:colcon.colcon_core.environment:checking '/home/jack/ros2_homework_advanced/install/cone_visualizer' for CMake module files
[264.090s] Level 1:colcon.colcon_core.environment:checking '/home/jack/ros2_homework_advanced/install/cone_visualizer' for CMake config files
[264.090s] Level 1:colcon.colcon_core.shell:create_environment_hook('cone_visualizer', 'cmake_prefix_path')
[264.091s] INFO:colcon.colcon_core.shell:Creating environment hook '/home/jack/ros2_homework_advanced/install/cone_visualizer/share/cone_visualizer/hook/cmake_prefix_path.ps1'
[264.092s] INFO:colcon.colcon_core.shell:Creating environment descriptor '/home/jack/ros2_homework_advanced/install/cone_visualizer/share/cone_visualizer/hook/cmake_prefix_path.dsv'
[264.094s] INFO:colcon.colcon_core.shell:Creating environment hook '/home/jack/ros2_homework_advanced/install/cone_visualizer/share/cone_visualizer/hook/cmake_prefix_path.sh'
[264.097s] Level 1:colcon.colcon_core.environment:checking '/home/jack/ros2_homework_advanced/install/cone_visualizer/lib'
[264.098s] Level 1:colcon.colcon_core.environment:checking '/home/jack/ros2_homework_advanced/install/cone_visualizer/bin'
[264.098s] Level 1:colcon.colcon_core.environment:checking '/home/jack/ros2_homework_advanced/install/cone_visualizer/lib/pkgconfig/cone_visualizer.pc'
[264.099s] Level 1:colcon.colcon_core.environment:checking '/home/jack/ros2_homework_advanced/install/cone_visualizer/lib/python3.10/site-packages'
[264.099s] Level 1:colcon.colcon_core.environment:checking '/home/jack/ros2_homework_advanced/install/cone_visualizer/bin'
[264.100s] INFO:colcon.colcon_core.shell:Creating package script '/home/jack/ros2_homework_advanced/install/cone_visualizer/share/cone_visualizer/package.ps1'
[264.102s] INFO:colcon.colcon_core.shell:Creating package descriptor '/home/jack/ros2_homework_advanced/install/cone_visualizer/share/cone_visualizer/package.dsv'
[264.104s] INFO:colcon.colcon_core.shell:Creating package script '/home/jack/ros2_homework_advanced/install/cone_visualizer/share/cone_visualizer/package.sh'
[264.106s] INFO:colcon.colcon_core.shell:Creating package script '/home/jack/ros2_homework_advanced/install/cone_visualizer/share/cone_visualizer/package.bash'
[264.107s] INFO:colcon.colcon_core.shell:Creating package script '/home/jack/ros2_homework_advanced/install/cone_visualizer/share/cone_visualizer/package.zsh'
[264.109s] Level 1:colcon.colcon_core.environment:create_file_with_runtime_dependencies(/home/jack/ros2_homework_advanced/install/cone_visualizer/share/colcon-core/packages/cone_visualizer)
[264.109s] DEBUG:colcon.colcon_parallel_executor.executor.parallel:closing loop
[264.110s] DEBUG:colcon.colcon_parallel_executor.executor.parallel:loop closed
[264.110s] DEBUG:colcon.colcon_parallel_executor.executor.parallel:run_until_complete finished with '0'
[264.111s] DEBUG:colcon.colcon_core.event_reactor:joining thread
[264.260s] INFO:colcon.colcon_core.plugin_system:Skipping extension 'colcon_notification.desktop_notification.terminal_notifier': Not used on non-Darwin systems
[264.260s] INFO:colcon.colcon_core.plugin_system:Skipping extension 'colcon_notification.desktop_notification.win32': Not used on non-Windows systems
[264.260s] INFO:colcon.colcon_notification.desktop_notification:Sending desktop notification using 'notify2'
[264.293s] DEBUG:colcon.colcon_core.event_reactor:joined thread
[264.295s] INFO:colcon.colcon_core.shell:Creating prefix script '/home/jack/ros2_homework_advanced/install/local_setup.ps1'
[264.316s] INFO:colcon.colcon_core.shell:Creating prefix util module '/home/jack/ros2_homework_advanced/install/_local_setup_util_ps1.py'
[264.339s] INFO:colcon.colcon_core.shell:Creating prefix chain script '/home/jack/ros2_homework_advanced/install/setup.ps1'
[264.342s] INFO:colcon.colcon_core.shell:Creating prefix script '/home/jack/ros2_homework_advanced/install/local_setup.sh'
[264.344s] INFO:colcon.colcon_core.shell:Creating prefix util module '/home/jack/ros2_homework_advanced/install/_local_setup_util_sh.py'
[264.346s] INFO:colcon.colcon_core.shell:Creating prefix chain script '/home/jack/ros2_homework_advanced/install/setup.sh'
[264.351s] INFO:colcon.colcon_core.shell:Creating prefix script '/home/jack/ros2_homework_advanced/install/local_setup.bash'
[264.385s] INFO:colcon.colcon_core.shell:Creating prefix chain script '/home/jack/ros2_homework_advanced/install/setup.bash'
[264.390s] INFO:colcon.colcon_core.shell:Creating prefix script '/home/jack/ros2_homework_advanced/install/local_setup.zsh'
[264.391s] INFO:colcon.colcon_core.shell:Creating prefix chain script '/home/jack/ros2_homework_advanced/install/setup.zsh'
