[0.295s] Invoking command in '/home/jack/ros2_homework_advanced/build/cone_visualizer': CMAKE_PREFIX_PATH=/home/jack/ros2_homework_advanced/install/fsd_common_msgs:/home/jack/ros2_homework_advanced/install/cone_visualizer:/opt/ros/humble /usr/bin/cmake --build /home/jack/ros2_homework_advanced/build/cone_visualizer -- -j2 -l2
[1.770s] [35m[1mConsolidate compiler generated dependencies of target cone_visualizer_node[0m
[1.853s] [ 50%] [32mBuilding CXX object CMakeFiles/cone_visualizer_node.dir/src/cone_visualizer_node.cpp.o[0m
[41.614s] [100%] [32m[1mLinking CXX executable cone_visualizer_node[0m
[46.003s] [100%] Built target cone_visualizer_node
[46.058s] Invoked command in '/home/jack/ros2_homework_advanced/build/cone_visualizer' returned '0': CMAKE_PREFIX_PATH=/home/jack/ros2_homework_advanced/install/fsd_common_msgs:/home/jack/ros2_homework_advanced/install/cone_visualizer:/opt/ros/humble /usr/bin/cmake --build /home/jack/ros2_homework_advanced/build/cone_visualizer -- -j2 -l2
[46.081s] Invoking command in '/home/jack/ros2_homework_advanced/build/cone_visualizer': CMAKE_PREFIX_PATH=/home/jack/ros2_homework_advanced/install/fsd_common_msgs:/home/jack/ros2_homework_advanced/install/cone_visualizer:/opt/ros/humble /usr/bin/cmake --install /home/jack/ros2_homework_advanced/build/cone_visualizer
[46.113s] -- Install configuration: ""
[46.179s] -- Installing: /home/jack/ros2_homework_advanced/install/cone_visualizer/lib/cone_visualizer/cone_visualizer_node
[46.196s] -- Set runtime path of "/home/jack/ros2_homework_advanced/install/cone_visualizer/lib/cone_visualizer/cone_visualizer_node" to ""
[46.196s] -- Up-to-date: /home/jack/ros2_homework_advanced/install/cone_visualizer/share/ament_index/resource_index/package_run_dependencies/cone_visualizer
[46.196s] -- Up-to-date: /home/jack/ros2_homework_advanced/install/cone_visualizer/share/ament_index/resource_index/parent_prefix_path/cone_visualizer
[46.196s] -- Up-to-date: /home/jack/ros2_homework_advanced/install/cone_visualizer/share/cone_visualizer/environment/ament_prefix_path.sh
[46.196s] -- Up-to-date: /home/jack/ros2_homework_advanced/install/cone_visualizer/share/cone_visualizer/environment/ament_prefix_path.dsv
[46.197s] -- Up-to-date: /home/jack/ros2_homework_advanced/install/cone_visualizer/share/cone_visualizer/environment/path.sh
[46.198s] -- Up-to-date: /home/jack/ros2_homework_advanced/install/cone_visualizer/share/cone_visualizer/environment/path.dsv
[46.199s] -- Up-to-date: /home/jack/ros2_homework_advanced/install/cone_visualizer/share/cone_visualizer/local_setup.bash
[46.199s] -- Up-to-date: /home/jack/ros2_homework_advanced/install/cone_visualizer/share/cone_visualizer/local_setup.sh
[46.199s] -- Up-to-date: /home/jack/ros2_homework_advanced/install/cone_visualizer/share/cone_visualizer/local_setup.zsh
[46.199s] -- Up-to-date: /home/jack/ros2_homework_advanced/install/cone_visualizer/share/cone_visualizer/local_setup.dsv
[46.199s] -- Installing: /home/jack/ros2_homework_advanced/install/cone_visualizer/share/cone_visualizer/package.dsv
[46.234s] -- Up-to-date: /home/jack/ros2_homework_advanced/install/cone_visualizer/share/ament_index/resource_index/packages/cone_visualizer
[46.234s] -- Up-to-date: /home/jack/ros2_homework_advanced/install/cone_visualizer/share/cone_visualizer/cmake/cone_visualizerConfig.cmake
[46.234s] -- Up-to-date: /home/jack/ros2_homework_advanced/install/cone_visualizer/share/cone_visualizer/cmake/cone_visualizerConfig-version.cmake
[46.234s] -- Up-to-date: /home/jack/ros2_homework_advanced/install/cone_visualizer/share/cone_visualizer/package.xml
[46.242s] Invoked command in '/home/jack/ros2_homework_advanced/build/cone_visualizer' returned '0': CMAKE_PREFIX_PATH=/home/jack/ros2_homework_advanced/install/fsd_common_msgs:/home/jack/ros2_homework_advanced/install/cone_visualizer:/opt/ros/humble /usr/bin/cmake --install /home/jack/ros2_homework_advanced/build/cone_visualizer
