[0.030s] Invoking command in '/home/jack/ros2_homework_advanced/build/cone_visualizer': CMAKE_PREFIX_PATH=/home/jack/ros2_homework_advanced/install/fsd_common_msgs:/home/jack/ros2_homework_advanced/install/cone_visualizer:/opt/ros/humble /usr/bin/cmake --build /home/jack/ros2_homework_advanced/build/cone_visualizer -- -j2 -l2
[0.153s] [35m[1mConsolidate compiler generated dependencies of target cone_visualizer_node[0m
[0.200s] [ 50%] [32mBuilding CXX object CMakeFiles/cone_visualizer_node.dir/src/cone_visualizer_node.cpp.o[0m
[26.593s] [100%] [32m[1mLinking CXX executable cone_visualizer_node[0m
[27.898s] [100%] Built target cone_visualizer_node
[27.924s] Invoked command in '/home/jack/ros2_homework_advanced/build/cone_visualizer' returned '0': CMAKE_PREFIX_PATH=/home/jack/ros2_homework_advanced/install/fsd_common_msgs:/home/jack/ros2_homework_advanced/install/cone_visualizer:/opt/ros/humble /usr/bin/cmake --build /home/jack/ros2_homework_advanced/build/cone_visualizer -- -j2 -l2
[27.929s] Invoking command in '/home/jack/ros2_homework_advanced/build/cone_visualizer': CMAKE_PREFIX_PATH=/home/jack/ros2_homework_advanced/install/fsd_common_msgs:/home/jack/ros2_homework_advanced/install/cone_visualizer:/opt/ros/humble /usr/bin/cmake --install /home/jack/ros2_homework_advanced/build/cone_visualizer
[27.948s] -- Install configuration: ""
[27.949s] -- Installing: /home/jack/ros2_homework_advanced/install/cone_visualizer/lib/cone_visualizer/cone_visualizer_node
[27.960s] -- Set runtime path of "/home/jack/ros2_homework_advanced/install/cone_visualizer/lib/cone_visualizer/cone_visualizer_node" to ""
[27.960s] -- Up-to-date: /home/jack/ros2_homework_advanced/install/cone_visualizer/share/ament_index/resource_index/package_run_dependencies/cone_visualizer
[27.961s] -- Up-to-date: /home/jack/ros2_homework_advanced/install/cone_visualizer/share/ament_index/resource_index/parent_prefix_path/cone_visualizer
[27.961s] -- Up-to-date: /home/jack/ros2_homework_advanced/install/cone_visualizer/share/cone_visualizer/environment/ament_prefix_path.sh
[27.963s] -- Up-to-date: /home/jack/ros2_homework_advanced/install/cone_visualizer/share/cone_visualizer/environment/ament_prefix_path.dsv
[27.963s] -- Up-to-date: /home/jack/ros2_homework_advanced/install/cone_visualizer/share/cone_visualizer/environment/path.sh
[27.965s] -- Up-to-date: /home/jack/ros2_homework_advanced/install/cone_visualizer/share/cone_visualizer/environment/path.dsv
[27.965s] -- Up-to-date: /home/jack/ros2_homework_advanced/install/cone_visualizer/share/cone_visualizer/local_setup.bash
[27.965s] -- Up-to-date: /home/jack/ros2_homework_advanced/install/cone_visualizer/share/cone_visualizer/local_setup.sh
[27.965s] -- Up-to-date: /home/jack/ros2_homework_advanced/install/cone_visualizer/share/cone_visualizer/local_setup.zsh
[27.965s] -- Up-to-date: /home/jack/ros2_homework_advanced/install/cone_visualizer/share/cone_visualizer/local_setup.dsv
[27.967s] -- Installing: /home/jack/ros2_homework_advanced/install/cone_visualizer/share/cone_visualizer/package.dsv
[27.968s] -- Up-to-date: /home/jack/ros2_homework_advanced/install/cone_visualizer/share/ament_index/resource_index/packages/cone_visualizer
[27.968s] -- Up-to-date: /home/jack/ros2_homework_advanced/install/cone_visualizer/share/cone_visualizer/cmake/cone_visualizerConfig.cmake
[27.969s] -- Up-to-date: /home/jack/ros2_homework_advanced/install/cone_visualizer/share/cone_visualizer/cmake/cone_visualizerConfig-version.cmake
[27.970s] -- Up-to-date: /home/jack/ros2_homework_advanced/install/cone_visualizer/share/cone_visualizer/package.xml
[27.974s] Invoked command in '/home/jack/ros2_homework_advanced/build/cone_visualizer' returned '0': CMAKE_PREFIX_PATH=/home/jack/ros2_homework_advanced/install/fsd_common_msgs:/home/jack/ros2_homework_advanced/install/cone_visualizer:/opt/ros/humble /usr/bin/cmake --install /home/jack/ros2_homework_advanced/build/cone_visualizer
