[0.304s] DEBUG:colcon:Command line arguments: ['/usr/bin/colcon', 'build']
[0.305s] DEBUG:colcon:Parsed command line arguments: Namespace(log_base=None, log_level=None, verb_name='build', build_base='build', install_base='install', merge_install=False, symlink_install=False, test_result_base=None, continue_on_error=False, executor='parallel', parallel_workers=2, event_handlers=None, ignore_user_meta=False, metas=['./colcon.meta'], base_paths=['.'], packages_ignore=None, packages_ignore_regex=None, paths=None, packages_up_to=None, packages_up_to_regex=None, packages_above=None, packages_above_and_dependencies=None, packages_above_depth=None, packages_select_by_dep=None, packages_skip_by_dep=None, packages_skip_up_to=None, packages_select_build_failed=False, packages_skip_build_finished=False, packages_select_test_failures=False, packages_skip_test_passed=False, packages_select=None, packages_skip=None, packages_select_regex=None, packages_skip_regex=None, packages_start=None, packages_end=None, allow_overriding=[], cmake_args=None, cmake_target=None, cmake_target_skip_unavailable=False, cmake_clean_cache=False, cmake_clean_first=False, cmake_force_configure=False, ament_cmake_args=None, catkin_cmake_args=None, catkin_skip_building_tests=False, verb_parser=<colcon_defaults.argument_parser.defaults.DefaultArgumentsDecorator object at 0x7f1954130b50>, verb_extension=<colcon_core.verb.build.BuildVerb object at 0x7f195426e6b0>, main=<bound method BuildVerb.main of <colcon_core.verb.build.BuildVerb object at 0x7f195426e6b0>>)
[0.803s] Level 1:colcon.colcon_core.package_discovery:discover_packages(colcon_meta) check parameters
[0.803s] Level 1:colcon.colcon_core.package_discovery:discover_packages(recursive) check parameters
[0.804s] Level 1:colcon.colcon_core.package_discovery:discover_packages(ignore) check parameters
[0.804s] Level 1:colcon.colcon_core.package_discovery:discover_packages(path) check parameters
[0.804s] Level 1:colcon.colcon_core.package_discovery:discover_packages(colcon_meta) discover
[0.804s] Level 1:colcon.colcon_core.package_discovery:discover_packages(recursive) discover
[0.804s] INFO:colcon.colcon_core.package_discovery:Crawling recursively for packages in '/home/jack/ros2_homework_advanced'
[0.804s] Level 1:colcon.colcon_core.package_identification:_identify(.) by extensions ['ignore', 'ignore_ament_install']
[0.805s] Level 1:colcon.colcon_core.package_identification:_identify(.) by extension 'ignore'
[0.805s] Level 1:colcon.colcon_core.package_identification:_identify(.) by extension 'ignore_ament_install'
[0.805s] Level 1:colcon.colcon_core.package_identification:_identify(.) by extensions ['colcon_pkg']
[0.805s] Level 1:colcon.colcon_core.package_identification:_identify(.) by extension 'colcon_pkg'
[0.805s] Level 1:colcon.colcon_core.package_identification:_identify(.) by extensions ['colcon_meta']
[0.805s] Level 1:colcon.colcon_core.package_identification:_identify(.) by extension 'colcon_meta'
[0.806s] Level 1:colcon.colcon_core.package_identification:_identify(.) by extensions ['ros']
[0.806s] Level 1:colcon.colcon_core.package_identification:_identify(.) by extension 'ros'
[0.919s] Level 1:colcon.colcon_core.package_identification:_identify(.) by extensions ['cmake', 'python']
[0.920s] Level 1:colcon.colcon_core.package_identification:_identify(.) by extension 'cmake'
[0.920s] Level 1:colcon.colcon_core.package_identification:_identify(.) by extension 'python'
[0.920s] Level 1:colcon.colcon_core.package_identification:_identify(.) by extensions ['python_setup_py']
[0.920s] Level 1:colcon.colcon_core.package_identification:_identify(.) by extension 'python_setup_py'
[0.920s] Level 1:colcon.colcon_core.package_identification:_identify(build) by extensions ['ignore', 'ignore_ament_install']
[0.921s] Level 1:colcon.colcon_core.package_identification:_identify(build) by extension 'ignore'
[0.921s] Level 1:colcon.colcon_core.package_identification:_identify(build) ignored
[0.921s] Level 1:colcon.colcon_core.package_identification:_identify(fsd_common_msgs) by extensions ['ignore', 'ignore_ament_install']
[0.922s] Level 1:colcon.colcon_core.package_identification:_identify(fsd_common_msgs) by extension 'ignore'
[0.922s] Level 1:colcon.colcon_core.package_identification:_identify(fsd_common_msgs) by extension 'ignore_ament_install'
[0.922s] Level 1:colcon.colcon_core.package_identification:_identify(fsd_common_msgs) by extensions ['colcon_pkg']
[0.922s] Level 1:colcon.colcon_core.package_identification:_identify(fsd_common_msgs) by extension 'colcon_pkg'
[0.922s] Level 1:colcon.colcon_core.package_identification:_identify(fsd_common_msgs) by extensions ['colcon_meta']
[0.922s] Level 1:colcon.colcon_core.package_identification:_identify(fsd_common_msgs) by extension 'colcon_meta'
[0.922s] Level 1:colcon.colcon_core.package_identification:_identify(fsd_common_msgs) by extensions ['ros']
[0.922s] Level 1:colcon.colcon_core.package_identification:_identify(fsd_common_msgs) by extension 'ros'
[0.930s] DEBUG:colcon.colcon_core.package_identification:Package 'fsd_common_msgs' with type 'ros.ament_cmake' and name 'fsd_common_msgs'
[0.931s] Level 1:colcon.colcon_core.package_identification:_identify(install) by extensions ['ignore', 'ignore_ament_install']
[0.931s] Level 1:colcon.colcon_core.package_identification:_identify(install) by extension 'ignore'
[0.931s] Level 1:colcon.colcon_core.package_identification:_identify(install) ignored
[0.931s] Level 1:colcon.colcon_core.package_identification:_identify(log) by extensions ['ignore', 'ignore_ament_install']
[0.932s] Level 1:colcon.colcon_core.package_identification:_identify(log) by extension 'ignore'
[0.932s] Level 1:colcon.colcon_core.package_identification:_identify(log) ignored
[0.932s] Level 1:colcon.colcon_core.package_identification:_identify(map_to_visualize) by extensions ['ignore', 'ignore_ament_install']
[0.932s] Level 1:colcon.colcon_core.package_identification:_identify(map_to_visualize) by extension 'ignore'
[0.932s] Level 1:colcon.colcon_core.package_identification:_identify(map_to_visualize) by extension 'ignore_ament_install'
[0.933s] Level 1:colcon.colcon_core.package_identification:_identify(map_to_visualize) by extensions ['colcon_pkg']
[0.933s] Level 1:colcon.colcon_core.package_identification:_identify(map_to_visualize) by extension 'colcon_pkg'
[0.933s] Level 1:colcon.colcon_core.package_identification:_identify(map_to_visualize) by extensions ['colcon_meta']
[0.933s] Level 1:colcon.colcon_core.package_identification:_identify(map_to_visualize) by extension 'colcon_meta'
[0.933s] Level 1:colcon.colcon_core.package_identification:_identify(map_to_visualize) by extensions ['ros']
[0.933s] Level 1:colcon.colcon_core.package_identification:_identify(map_to_visualize) by extension 'ros'
[0.933s] Level 1:colcon.colcon_core.package_identification:_identify(map_to_visualize) by extensions ['cmake', 'python']
[0.933s] Level 1:colcon.colcon_core.package_identification:_identify(map_to_visualize) by extension 'cmake'
[0.934s] Level 1:colcon.colcon_core.package_identification:_identify(map_to_visualize) by extension 'python'
[0.934s] Level 1:colcon.colcon_core.package_identification:_identify(map_to_visualize) by extensions ['python_setup_py']
[0.934s] Level 1:colcon.colcon_core.package_identification:_identify(map_to_visualize) by extension 'python_setup_py'
[0.934s] Level 1:colcon.colcon_core.package_identification:_identify(src) by extensions ['ignore', 'ignore_ament_install']
[0.934s] Level 1:colcon.colcon_core.package_identification:_identify(src) by extension 'ignore'
[0.934s] Level 1:colcon.colcon_core.package_identification:_identify(src) by extension 'ignore_ament_install'
[0.935s] Level 1:colcon.colcon_core.package_identification:_identify(src) by extensions ['colcon_pkg']
[0.935s] Level 1:colcon.colcon_core.package_identification:_identify(src) by extension 'colcon_pkg'
[0.935s] Level 1:colcon.colcon_core.package_identification:_identify(src) by extensions ['colcon_meta']
[0.935s] Level 1:colcon.colcon_core.package_identification:_identify(src) by extension 'colcon_meta'
[0.935s] Level 1:colcon.colcon_core.package_identification:_identify(src) by extensions ['ros']
[0.935s] Level 1:colcon.colcon_core.package_identification:_identify(src) by extension 'ros'
[0.935s] Level 1:colcon.colcon_core.package_identification:_identify(src) by extensions ['cmake', 'python']
[0.935s] Level 1:colcon.colcon_core.package_identification:_identify(src) by extension 'cmake'
[0.936s] Level 1:colcon.colcon_core.package_identification:_identify(src) by extension 'python'
[0.936s] Level 1:colcon.colcon_core.package_identification:_identify(src) by extensions ['python_setup_py']
[0.936s] Level 1:colcon.colcon_core.package_identification:_identify(src) by extension 'python_setup_py'
[0.936s] Level 1:colcon.colcon_core.package_identification:_identify(src/cone_visualizer) by extensions ['ignore', 'ignore_ament_install']
[0.936s] Level 1:colcon.colcon_core.package_identification:_identify(src/cone_visualizer) by extension 'ignore'
[0.936s] Level 1:colcon.colcon_core.package_identification:_identify(src/cone_visualizer) by extension 'ignore_ament_install'
[0.937s] Level 1:colcon.colcon_core.package_identification:_identify(src/cone_visualizer) by extensions ['colcon_pkg']
[0.937s] Level 1:colcon.colcon_core.package_identification:_identify(src/cone_visualizer) by extension 'colcon_pkg'
[0.937s] Level 1:colcon.colcon_core.package_identification:_identify(src/cone_visualizer) by extensions ['colcon_meta']
[0.937s] Level 1:colcon.colcon_core.package_identification:_identify(src/cone_visualizer) by extension 'colcon_meta'
[0.937s] Level 1:colcon.colcon_core.package_identification:_identify(src/cone_visualizer) by extensions ['ros']
[0.937s] Level 1:colcon.colcon_core.package_identification:_identify(src/cone_visualizer) by extension 'ros'
[0.940s] DEBUG:colcon.colcon_core.package_identification:Package 'src/cone_visualizer' with type 'ros.ament_cmake' and name 'cone_visualizer'
[0.940s] Level 1:colcon.colcon_core.package_discovery:discover_packages(recursive) using defaults
[0.940s] Level 1:colcon.colcon_core.package_discovery:discover_packages(ignore) discover
[0.940s] Level 1:colcon.colcon_core.package_discovery:discover_packages(ignore) using defaults
[0.940s] Level 1:colcon.colcon_core.package_discovery:discover_packages(path) discover
[0.940s] Level 1:colcon.colcon_core.package_discovery:discover_packages(path) using defaults
[1.000s] Level 1:colcon.colcon_core.package_discovery:discover_packages(prefix_path) check parameters
[1.000s] Level 1:colcon.colcon_core.package_discovery:discover_packages(prefix_path) discover
[1.006s] DEBUG:colcon.colcon_installed_package_information.package_discovery:Found 2 installed packages in /home/jack/ros2_homework_advanced/install
[1.010s] DEBUG:colcon.colcon_installed_package_information.package_discovery:Found 320 installed packages in /opt/ros/humble
[1.015s] Level 1:colcon.colcon_core.package_discovery:discover_packages(prefix_path) using defaults
[1.140s] Level 5:colcon.colcon_core.verb:set package 'fsd_common_msgs' build argument 'cmake_args' from command line to 'None'
[1.140s] Level 5:colcon.colcon_core.verb:set package 'fsd_common_msgs' build argument 'cmake_target' from command line to 'None'
[1.140s] Level 5:colcon.colcon_core.verb:set package 'fsd_common_msgs' build argument 'cmake_target_skip_unavailable' from command line to 'False'
[1.140s] Level 5:colcon.colcon_core.verb:set package 'fsd_common_msgs' build argument 'cmake_clean_cache' from command line to 'False'
[1.140s] Level 5:colcon.colcon_core.verb:set package 'fsd_common_msgs' build argument 'cmake_clean_first' from command line to 'False'
[1.140s] Level 5:colcon.colcon_core.verb:set package 'fsd_common_msgs' build argument 'cmake_force_configure' from command line to 'False'
[1.140s] Level 5:colcon.colcon_core.verb:set package 'fsd_common_msgs' build argument 'ament_cmake_args' from command line to 'None'
[1.140s] Level 5:colcon.colcon_core.verb:set package 'fsd_common_msgs' build argument 'catkin_cmake_args' from command line to 'None'
[1.140s] Level 5:colcon.colcon_core.verb:set package 'fsd_common_msgs' build argument 'catkin_skip_building_tests' from command line to 'False'
[1.141s] DEBUG:colcon.colcon_core.verb:Building package 'fsd_common_msgs' with the following arguments: {'ament_cmake_args': None, 'build_base': '/home/jack/ros2_homework_advanced/build/fsd_common_msgs', 'catkin_cmake_args': None, 'catkin_skip_building_tests': False, 'cmake_args': None, 'cmake_clean_cache': False, 'cmake_clean_first': False, 'cmake_force_configure': False, 'cmake_target': None, 'cmake_target_skip_unavailable': False, 'install_base': '/home/jack/ros2_homework_advanced/install/fsd_common_msgs', 'merge_install': False, 'path': '/home/jack/ros2_homework_advanced/fsd_common_msgs', 'symlink_install': False, 'test_result_base': None}
[1.142s] Level 5:colcon.colcon_core.verb:set package 'cone_visualizer' build argument 'cmake_args' from command line to 'None'
[1.142s] Level 5:colcon.colcon_core.verb:set package 'cone_visualizer' build argument 'cmake_target' from command line to 'None'
[1.142s] Level 5:colcon.colcon_core.verb:set package 'cone_visualizer' build argument 'cmake_target_skip_unavailable' from command line to 'False'
[1.142s] Level 5:colcon.colcon_core.verb:set package 'cone_visualizer' build argument 'cmake_clean_cache' from command line to 'False'
[1.142s] Level 5:colcon.colcon_core.verb:set package 'cone_visualizer' build argument 'cmake_clean_first' from command line to 'False'
[1.142s] Level 5:colcon.colcon_core.verb:set package 'cone_visualizer' build argument 'cmake_force_configure' from command line to 'False'
[1.142s] Level 5:colcon.colcon_core.verb:set package 'cone_visualizer' build argument 'ament_cmake_args' from command line to 'None'
[1.142s] Level 5:colcon.colcon_core.verb:set package 'cone_visualizer' build argument 'catkin_cmake_args' from command line to 'None'
[1.142s] Level 5:colcon.colcon_core.verb:set package 'cone_visualizer' build argument 'catkin_skip_building_tests' from command line to 'False'
[1.142s] DEBUG:colcon.colcon_core.verb:Building package 'cone_visualizer' with the following arguments: {'ament_cmake_args': None, 'build_base': '/home/jack/ros2_homework_advanced/build/cone_visualizer', 'catkin_cmake_args': None, 'catkin_skip_building_tests': False, 'cmake_args': None, 'cmake_clean_cache': False, 'cmake_clean_first': False, 'cmake_force_configure': False, 'cmake_target': None, 'cmake_target_skip_unavailable': False, 'install_base': '/home/jack/ros2_homework_advanced/install/cone_visualizer', 'merge_install': False, 'path': '/home/jack/ros2_homework_advanced/src/cone_visualizer', 'symlink_install': False, 'test_result_base': None}
[1.143s] INFO:colcon.colcon_core.executor:Executing jobs using 'parallel' executor
[1.145s] DEBUG:colcon.colcon_parallel_executor.executor.parallel:run_until_complete
[1.145s] INFO:colcon.colcon_ros.task.ament_cmake.build:Building ROS package in '/home/jack/ros2_homework_advanced/fsd_common_msgs' with build type 'ament_cmake'
[1.145s] INFO:colcon.colcon_cmake.task.cmake.build:Building CMake package in '/home/jack/ros2_homework_advanced/fsd_common_msgs'
[1.150s] INFO:colcon.colcon_core.plugin_system:Skipping extension 'colcon_core.shell.bat': Not used on non-Windows systems
[1.151s] INFO:colcon.colcon_core.shell:Skip shell extension 'powershell' for command environment: Not usable outside of PowerShell
[1.151s] DEBUG:colcon.colcon_core.shell:Skip shell extension 'dsv' for command environment
[1.178s] DEBUG:colcon.colcon_core.event_handler.log_command:Invoking command in '/home/jack/ros2_homework_advanced/build/fsd_common_msgs': CMAKE_PREFIX_PATH=${CMAKE_PREFIX_PATH}:/opt/ros/humble /usr/bin/cmake --build /home/jack/ros2_homework_advanced/build/fsd_common_msgs -- -j2 -l2
[2.916s] DEBUG:colcon.colcon_core.event_handler.log_command:Invoked command in '/home/jack/ros2_homework_advanced/build/fsd_common_msgs' returned '0': CMAKE_PREFIX_PATH=${CMAKE_PREFIX_PATH}:/opt/ros/humble /usr/bin/cmake --build /home/jack/ros2_homework_advanced/build/fsd_common_msgs -- -j2 -l2
[2.941s] DEBUG:colcon.colcon_core.event_handler.log_command:Invoking command in '/home/jack/ros2_homework_advanced/build/fsd_common_msgs': CMAKE_PREFIX_PATH=${CMAKE_PREFIX_PATH}:/opt/ros/humble /usr/bin/cmake --install /home/jack/ros2_homework_advanced/build/fsd_common_msgs
[3.185s] Level 1:colcon.colcon_core.environment:create_environment_scripts_only(fsd_common_msgs)
[3.186s] DEBUG:colcon.colcon_core.event_handler.log_command:Invoked command in '/home/jack/ros2_homework_advanced/build/fsd_common_msgs' returned '0': CMAKE_PREFIX_PATH=${CMAKE_PREFIX_PATH}:/opt/ros/humble /usr/bin/cmake --install /home/jack/ros2_homework_advanced/build/fsd_common_msgs
[3.194s] Level 1:colcon.colcon_core.environment:checking '/home/jack/ros2_homework_advanced/install/fsd_common_msgs' for CMake module files
[3.196s] Level 1:colcon.colcon_core.environment:checking '/home/jack/ros2_homework_advanced/install/fsd_common_msgs' for CMake config files
[3.198s] Level 1:colcon.colcon_core.shell:create_environment_hook('fsd_common_msgs', 'cmake_prefix_path')
[3.198s] INFO:colcon.colcon_core.shell:Creating environment hook '/home/jack/ros2_homework_advanced/install/fsd_common_msgs/share/fsd_common_msgs/hook/cmake_prefix_path.ps1'
[3.201s] INFO:colcon.colcon_core.shell:Creating environment descriptor '/home/jack/ros2_homework_advanced/install/fsd_common_msgs/share/fsd_common_msgs/hook/cmake_prefix_path.dsv'
[3.202s] INFO:colcon.colcon_core.shell:Creating environment hook '/home/jack/ros2_homework_advanced/install/fsd_common_msgs/share/fsd_common_msgs/hook/cmake_prefix_path.sh'
[3.204s] Level 1:colcon.colcon_core.environment:checking '/home/jack/ros2_homework_advanced/install/fsd_common_msgs/lib'
[3.204s] Level 1:colcon.colcon_core.shell:create_environment_hook('fsd_common_msgs', 'ld_library_path_lib')
[3.205s] INFO:colcon.colcon_core.shell:Creating environment hook '/home/jack/ros2_homework_advanced/install/fsd_common_msgs/share/fsd_common_msgs/hook/ld_library_path_lib.ps1'
[3.206s] INFO:colcon.colcon_core.shell:Creating environment descriptor '/home/jack/ros2_homework_advanced/install/fsd_common_msgs/share/fsd_common_msgs/hook/ld_library_path_lib.dsv'
[3.207s] INFO:colcon.colcon_core.shell:Creating environment hook '/home/jack/ros2_homework_advanced/install/fsd_common_msgs/share/fsd_common_msgs/hook/ld_library_path_lib.sh'
[3.209s] Level 1:colcon.colcon_core.environment:checking '/home/jack/ros2_homework_advanced/install/fsd_common_msgs/bin'
[3.209s] Level 1:colcon.colcon_core.environment:checking '/home/jack/ros2_homework_advanced/install/fsd_common_msgs/lib/pkgconfig/fsd_common_msgs.pc'
[3.210s] Level 1:colcon.colcon_core.environment:checking '/home/jack/ros2_homework_advanced/install/fsd_common_msgs/lib/python3.10/site-packages'
[3.211s] Level 1:colcon.colcon_core.environment:checking '/home/jack/ros2_homework_advanced/install/fsd_common_msgs/bin'
[3.212s] INFO:colcon.colcon_core.shell:Creating package script '/home/jack/ros2_homework_advanced/install/fsd_common_msgs/share/fsd_common_msgs/package.ps1'
[3.216s] INFO:colcon.colcon_core.shell:Creating package descriptor '/home/jack/ros2_homework_advanced/install/fsd_common_msgs/share/fsd_common_msgs/package.dsv'
[3.217s] INFO:colcon.colcon_core.shell:Creating package script '/home/jack/ros2_homework_advanced/install/fsd_common_msgs/share/fsd_common_msgs/package.sh'
[3.219s] INFO:colcon.colcon_core.shell:Creating package script '/home/jack/ros2_homework_advanced/install/fsd_common_msgs/share/fsd_common_msgs/package.bash'
[3.222s] INFO:colcon.colcon_core.shell:Creating package script '/home/jack/ros2_homework_advanced/install/fsd_common_msgs/share/fsd_common_msgs/package.zsh'
[3.224s] Level 1:colcon.colcon_core.environment:create_file_with_runtime_dependencies(/home/jack/ros2_homework_advanced/install/fsd_common_msgs/share/colcon-core/packages/fsd_common_msgs)
[3.226s] Level 1:colcon.colcon_core.environment:create_environment_scripts_only(fsd_common_msgs)
[3.226s] Level 1:colcon.colcon_core.environment:checking '/home/jack/ros2_homework_advanced/install/fsd_common_msgs' for CMake module files
[3.228s] Level 1:colcon.colcon_core.environment:checking '/home/jack/ros2_homework_advanced/install/fsd_common_msgs' for CMake config files
[3.230s] Level 1:colcon.colcon_core.shell:create_environment_hook('fsd_common_msgs', 'cmake_prefix_path')
[3.231s] INFO:colcon.colcon_core.shell:Creating environment hook '/home/jack/ros2_homework_advanced/install/fsd_common_msgs/share/fsd_common_msgs/hook/cmake_prefix_path.ps1'
[3.232s] INFO:colcon.colcon_core.shell:Creating environment descriptor '/home/jack/ros2_homework_advanced/install/fsd_common_msgs/share/fsd_common_msgs/hook/cmake_prefix_path.dsv'
[3.233s] INFO:colcon.colcon_core.shell:Creating environment hook '/home/jack/ros2_homework_advanced/install/fsd_common_msgs/share/fsd_common_msgs/hook/cmake_prefix_path.sh'
[3.235s] Level 1:colcon.colcon_core.environment:checking '/home/jack/ros2_homework_advanced/install/fsd_common_msgs/lib'
[3.235s] Level 1:colcon.colcon_core.shell:create_environment_hook('fsd_common_msgs', 'ld_library_path_lib')
[3.235s] INFO:colcon.colcon_core.shell:Creating environment hook '/home/jack/ros2_homework_advanced/install/fsd_common_msgs/share/fsd_common_msgs/hook/ld_library_path_lib.ps1'
[3.237s] INFO:colcon.colcon_core.shell:Creating environment descriptor '/home/jack/ros2_homework_advanced/install/fsd_common_msgs/share/fsd_common_msgs/hook/ld_library_path_lib.dsv'
[3.237s] INFO:colcon.colcon_core.shell:Creating environment hook '/home/jack/ros2_homework_advanced/install/fsd_common_msgs/share/fsd_common_msgs/hook/ld_library_path_lib.sh'
[3.239s] Level 1:colcon.colcon_core.environment:checking '/home/jack/ros2_homework_advanced/install/fsd_common_msgs/bin'
[3.239s] Level 1:colcon.colcon_core.environment:checking '/home/jack/ros2_homework_advanced/install/fsd_common_msgs/lib/pkgconfig/fsd_common_msgs.pc'
[3.239s] Level 1:colcon.colcon_core.environment:checking '/home/jack/ros2_homework_advanced/install/fsd_common_msgs/lib/python3.10/site-packages'
[3.240s] Level 1:colcon.colcon_core.environment:checking '/home/jack/ros2_homework_advanced/install/fsd_common_msgs/bin'
[3.241s] INFO:colcon.colcon_core.shell:Creating package script '/home/jack/ros2_homework_advanced/install/fsd_common_msgs/share/fsd_common_msgs/package.ps1'
[3.244s] INFO:colcon.colcon_core.shell:Creating package descriptor '/home/jack/ros2_homework_advanced/install/fsd_common_msgs/share/fsd_common_msgs/package.dsv'
[3.245s] INFO:colcon.colcon_core.shell:Creating package script '/home/jack/ros2_homework_advanced/install/fsd_common_msgs/share/fsd_common_msgs/package.sh'
[3.247s] INFO:colcon.colcon_core.shell:Creating package script '/home/jack/ros2_homework_advanced/install/fsd_common_msgs/share/fsd_common_msgs/package.bash'
[3.248s] INFO:colcon.colcon_core.shell:Creating package script '/home/jack/ros2_homework_advanced/install/fsd_common_msgs/share/fsd_common_msgs/package.zsh'
[3.250s] Level 1:colcon.colcon_core.environment:create_file_with_runtime_dependencies(/home/jack/ros2_homework_advanced/install/fsd_common_msgs/share/colcon-core/packages/fsd_common_msgs)
[3.251s] INFO:colcon.colcon_ros.task.ament_cmake.build:Building ROS package in '/home/jack/ros2_homework_advanced/src/cone_visualizer' with build type 'ament_cmake'
[3.251s] INFO:colcon.colcon_cmake.task.cmake.build:Building CMake package in '/home/jack/ros2_homework_advanced/src/cone_visualizer'
[3.252s] INFO:colcon.colcon_core.shell:Skip shell extension 'powershell' for command environment: Not usable outside of PowerShell
[3.252s] DEBUG:colcon.colcon_core.shell:Skip shell extension 'dsv' for command environment
[3.284s] DEBUG:colcon.colcon_core.event_handler.log_command:Invoking command in '/home/jack/ros2_homework_advanced/build/cone_visualizer': CMAKE_PREFIX_PATH=/home/jack/ros2_homework_advanced/install/fsd_common_msgs:/home/jack/ros2_homework_advanced/install/cone_visualizer:/opt/ros/humble /usr/bin/cmake --build /home/jack/ros2_homework_advanced/build/cone_visualizer -- -j2 -l2
[31.178s] DEBUG:colcon.colcon_core.event_handler.log_command:Invoked command in '/home/jack/ros2_homework_advanced/build/cone_visualizer' returned '0': CMAKE_PREFIX_PATH=/home/jack/ros2_homework_advanced/install/fsd_common_msgs:/home/jack/ros2_homework_advanced/install/cone_visualizer:/opt/ros/humble /usr/bin/cmake --build /home/jack/ros2_homework_advanced/build/cone_visualizer -- -j2 -l2
[31.183s] DEBUG:colcon.colcon_core.event_handler.log_command:Invoking command in '/home/jack/ros2_homework_advanced/build/cone_visualizer': CMAKE_PREFIX_PATH=/home/jack/ros2_homework_advanced/install/fsd_common_msgs:/home/jack/ros2_homework_advanced/install/cone_visualizer:/opt/ros/humble /usr/bin/cmake --install /home/jack/ros2_homework_advanced/build/cone_visualizer
[31.226s] Level 1:colcon.colcon_core.environment:create_environment_scripts_only(cone_visualizer)
[31.227s] Level 1:colcon.colcon_core.environment:checking '/home/jack/ros2_homework_advanced/install/cone_visualizer' for CMake module files
[31.228s] DEBUG:colcon.colcon_core.event_handler.log_command:Invoked command in '/home/jack/ros2_homework_advanced/build/cone_visualizer' returned '0': CMAKE_PREFIX_PATH=/home/jack/ros2_homework_advanced/install/fsd_common_msgs:/home/jack/ros2_homework_advanced/install/cone_visualizer:/opt/ros/humble /usr/bin/cmake --install /home/jack/ros2_homework_advanced/build/cone_visualizer
[31.229s] Level 1:colcon.colcon_core.environment:checking '/home/jack/ros2_homework_advanced/install/cone_visualizer' for CMake config files
[31.230s] Level 1:colcon.colcon_core.shell:create_environment_hook('cone_visualizer', 'cmake_prefix_path')
[31.230s] INFO:colcon.colcon_core.shell:Creating environment hook '/home/jack/ros2_homework_advanced/install/cone_visualizer/share/cone_visualizer/hook/cmake_prefix_path.ps1'
[31.232s] INFO:colcon.colcon_core.shell:Creating environment descriptor '/home/jack/ros2_homework_advanced/install/cone_visualizer/share/cone_visualizer/hook/cmake_prefix_path.dsv'
[31.233s] INFO:colcon.colcon_core.shell:Creating environment hook '/home/jack/ros2_homework_advanced/install/cone_visualizer/share/cone_visualizer/hook/cmake_prefix_path.sh'
[31.238s] Level 1:colcon.colcon_core.environment:checking '/home/jack/ros2_homework_advanced/install/cone_visualizer/lib'
[31.238s] Level 1:colcon.colcon_core.environment:checking '/home/jack/ros2_homework_advanced/install/cone_visualizer/bin'
[31.239s] Level 1:colcon.colcon_core.environment:checking '/home/jack/ros2_homework_advanced/install/cone_visualizer/lib/pkgconfig/cone_visualizer.pc'
[31.239s] Level 1:colcon.colcon_core.environment:checking '/home/jack/ros2_homework_advanced/install/cone_visualizer/lib/python3.10/site-packages'
[31.240s] Level 1:colcon.colcon_core.environment:checking '/home/jack/ros2_homework_advanced/install/cone_visualizer/bin'
[31.241s] INFO:colcon.colcon_core.shell:Creating package script '/home/jack/ros2_homework_advanced/install/cone_visualizer/share/cone_visualizer/package.ps1'
[31.243s] INFO:colcon.colcon_core.shell:Creating package descriptor '/home/jack/ros2_homework_advanced/install/cone_visualizer/share/cone_visualizer/package.dsv'
[31.245s] INFO:colcon.colcon_core.shell:Creating package script '/home/jack/ros2_homework_advanced/install/cone_visualizer/share/cone_visualizer/package.sh'
[31.246s] INFO:colcon.colcon_core.shell:Creating package script '/home/jack/ros2_homework_advanced/install/cone_visualizer/share/cone_visualizer/package.bash'
[31.247s] INFO:colcon.colcon_core.shell:Creating package script '/home/jack/ros2_homework_advanced/install/cone_visualizer/share/cone_visualizer/package.zsh'
[31.248s] Level 1:colcon.colcon_core.environment:create_file_with_runtime_dependencies(/home/jack/ros2_homework_advanced/install/cone_visualizer/share/colcon-core/packages/cone_visualizer)
[31.250s] Level 1:colcon.colcon_core.environment:create_environment_scripts_only(cone_visualizer)
[31.250s] Level 1:colcon.colcon_core.environment:checking '/home/jack/ros2_homework_advanced/install/cone_visualizer' for CMake module files
[31.251s] Level 1:colcon.colcon_core.environment:checking '/home/jack/ros2_homework_advanced/install/cone_visualizer' for CMake config files
[31.252s] Level 1:colcon.colcon_core.shell:create_environment_hook('cone_visualizer', 'cmake_prefix_path')
[31.253s] INFO:colcon.colcon_core.shell:Creating environment hook '/home/jack/ros2_homework_advanced/install/cone_visualizer/share/cone_visualizer/hook/cmake_prefix_path.ps1'
[31.254s] INFO:colcon.colcon_core.shell:Creating environment descriptor '/home/jack/ros2_homework_advanced/install/cone_visualizer/share/cone_visualizer/hook/cmake_prefix_path.dsv'
[31.256s] INFO:colcon.colcon_core.shell:Creating environment hook '/home/jack/ros2_homework_advanced/install/cone_visualizer/share/cone_visualizer/hook/cmake_prefix_path.sh'
[31.257s] Level 1:colcon.colcon_core.environment:checking '/home/jack/ros2_homework_advanced/install/cone_visualizer/lib'
[31.258s] Level 1:colcon.colcon_core.environment:checking '/home/jack/ros2_homework_advanced/install/cone_visualizer/bin'
[31.258s] Level 1:colcon.colcon_core.environment:checking '/home/jack/ros2_homework_advanced/install/cone_visualizer/lib/pkgconfig/cone_visualizer.pc'
[31.258s] Level 1:colcon.colcon_core.environment:checking '/home/jack/ros2_homework_advanced/install/cone_visualizer/lib/python3.10/site-packages'
[31.259s] Level 1:colcon.colcon_core.environment:checking '/home/jack/ros2_homework_advanced/install/cone_visualizer/bin'
[31.261s] INFO:colcon.colcon_core.shell:Creating package script '/home/jack/ros2_homework_advanced/install/cone_visualizer/share/cone_visualizer/package.ps1'
[31.263s] INFO:colcon.colcon_core.shell:Creating package descriptor '/home/jack/ros2_homework_advanced/install/cone_visualizer/share/cone_visualizer/package.dsv'
[31.265s] INFO:colcon.colcon_core.shell:Creating package script '/home/jack/ros2_homework_advanced/install/cone_visualizer/share/cone_visualizer/package.sh'
[31.266s] INFO:colcon.colcon_core.shell:Creating package script '/home/jack/ros2_homework_advanced/install/cone_visualizer/share/cone_visualizer/package.bash'
[31.267s] INFO:colcon.colcon_core.shell:Creating package script '/home/jack/ros2_homework_advanced/install/cone_visualizer/share/cone_visualizer/package.zsh'
[31.269s] Level 1:colcon.colcon_core.environment:create_file_with_runtime_dependencies(/home/jack/ros2_homework_advanced/install/cone_visualizer/share/colcon-core/packages/cone_visualizer)
[31.270s] DEBUG:colcon.colcon_parallel_executor.executor.parallel:closing loop
[31.271s] DEBUG:colcon.colcon_parallel_executor.executor.parallel:loop closed
[31.271s] DEBUG:colcon.colcon_parallel_executor.executor.parallel:run_until_complete finished with '0'
[31.271s] DEBUG:colcon.colcon_core.event_reactor:joining thread
[31.286s] INFO:colcon.colcon_core.plugin_system:Skipping extension 'colcon_notification.desktop_notification.terminal_notifier': Not used on non-Darwin systems
[31.286s] INFO:colcon.colcon_core.plugin_system:Skipping extension 'colcon_notification.desktop_notification.win32': Not used on non-Windows systems
[31.286s] INFO:colcon.colcon_notification.desktop_notification:Sending desktop notification using 'notify2'
[31.335s] DEBUG:colcon.colcon_core.event_reactor:joined thread
[31.336s] INFO:colcon.colcon_core.shell:Creating prefix script '/home/jack/ros2_homework_advanced/install/local_setup.ps1'
[31.343s] INFO:colcon.colcon_core.shell:Creating prefix util module '/home/jack/ros2_homework_advanced/install/_local_setup_util_ps1.py'
[31.349s] INFO:colcon.colcon_core.shell:Creating prefix chain script '/home/jack/ros2_homework_advanced/install/setup.ps1'
[31.356s] INFO:colcon.colcon_core.shell:Creating prefix script '/home/jack/ros2_homework_advanced/install/local_setup.sh'
[31.362s] INFO:colcon.colcon_core.shell:Creating prefix util module '/home/jack/ros2_homework_advanced/install/_local_setup_util_sh.py'
[31.364s] INFO:colcon.colcon_core.shell:Creating prefix chain script '/home/jack/ros2_homework_advanced/install/setup.sh'
[31.370s] INFO:colcon.colcon_core.shell:Creating prefix script '/home/jack/ros2_homework_advanced/install/local_setup.bash'
[31.372s] INFO:colcon.colcon_core.shell:Creating prefix chain script '/home/jack/ros2_homework_advanced/install/setup.bash'
[31.375s] INFO:colcon.colcon_core.shell:Creating prefix script '/home/jack/ros2_homework_advanced/install/local_setup.zsh'
[31.377s] INFO:colcon.colcon_core.shell:Creating prefix chain script '/home/jack/ros2_homework_advanced/install/setup.zsh'
