[1.774s] DEBUG:colcon:Command line arguments: ['/usr/bin/colcon', 'build']
[1.774s] DEBUG:colcon:Parsed command line arguments: Namespace(log_base=None, log_level=None, verb_name='build', build_base='build', install_base='install', merge_install=False, symlink_install=False, test_result_base=None, continue_on_error=False, executor='parallel', parallel_workers=2, event_handlers=None, ignore_user_meta=False, metas=['./colcon.meta'], base_paths=['.'], packages_ignore=None, packages_ignore_regex=None, paths=None, packages_up_to=None, packages_up_to_regex=None, packages_above=None, packages_above_and_dependencies=None, packages_above_depth=None, packages_select_by_dep=None, packages_skip_by_dep=None, packages_skip_up_to=None, packages_select_build_failed=False, packages_skip_build_finished=False, packages_select_test_failures=False, packages_skip_test_passed=False, packages_select=None, packages_skip=None, packages_select_regex=None, packages_skip_regex=None, packages_start=None, packages_end=None, allow_overriding=[], cmake_args=None, cmake_target=None, cmake_target_skip_unavailable=False, cmake_clean_cache=False, cmake_clean_first=False, cmake_force_configure=False, ament_cmake_args=None, catkin_cmake_args=None, catkin_skip_building_tests=False, verb_parser=<colcon_defaults.argument_parser.defaults.DefaultArgumentsDecorator object at 0x7716a0680850>, verb_extension=<colcon_core.verb.build.BuildVerb object at 0x7716a077a440>, main=<bound method BuildVerb.main of <colcon_core.verb.build.BuildVerb object at 0x7716a077a440>>)
[10.625s] Level 1:colcon.colcon_core.package_discovery:discover_packages(colcon_meta) check parameters
[10.626s] Level 1:colcon.colcon_core.package_discovery:discover_packages(recursive) check parameters
[10.626s] Level 1:colcon.colcon_core.package_discovery:discover_packages(ignore) check parameters
[10.626s] Level 1:colcon.colcon_core.package_discovery:discover_packages(path) check parameters
[10.626s] Level 1:colcon.colcon_core.package_discovery:discover_packages(colcon_meta) discover
[10.626s] Level 1:colcon.colcon_core.package_discovery:discover_packages(recursive) discover
[10.626s] INFO:colcon.colcon_core.package_discovery:Crawling recursively for packages in '/home/jack/ros2_homework_basic_ws'
[10.627s] Level 1:colcon.colcon_core.package_identification:_identify(.) by extensions ['ignore', 'ignore_ament_install']
[10.627s] Level 1:colcon.colcon_core.package_identification:_identify(.) by extension 'ignore'
[10.628s] Level 1:colcon.colcon_core.package_identification:_identify(.) by extension 'ignore_ament_install'
[10.628s] Level 1:colcon.colcon_core.package_identification:_identify(.) by extensions ['colcon_pkg']
[10.628s] Level 1:colcon.colcon_core.package_identification:_identify(.) by extension 'colcon_pkg'
[10.628s] Level 1:colcon.colcon_core.package_identification:_identify(.) by extensions ['colcon_meta']
[10.628s] Level 1:colcon.colcon_core.package_identification:_identify(.) by extension 'colcon_meta'
[10.629s] Level 1:colcon.colcon_core.package_identification:_identify(.) by extensions ['ros']
[10.629s] Level 1:colcon.colcon_core.package_identification:_identify(.) by extension 'ros'
[10.841s] Level 1:colcon.colcon_core.package_identification:_identify(.) by extensions ['cmake', 'python']
[10.841s] Level 1:colcon.colcon_core.package_identification:_identify(.) by extension 'cmake'
[10.842s] Level 1:colcon.colcon_core.package_identification:_identify(.) by extension 'python'
[10.842s] Level 1:colcon.colcon_core.package_identification:_identify(.) by extensions ['python_setup_py']
[10.842s] Level 1:colcon.colcon_core.package_identification:_identify(.) by extension 'python_setup_py'
[10.842s] Level 1:colcon.colcon_core.package_identification:_identify(build) by extensions ['ignore', 'ignore_ament_install']
[10.842s] Level 1:colcon.colcon_core.package_identification:_identify(build) by extension 'ignore'
[10.843s] Level 1:colcon.colcon_core.package_identification:_identify(build) ignored
[10.843s] Level 1:colcon.colcon_core.package_identification:_identify(install) by extensions ['ignore', 'ignore_ament_install']
[10.843s] Level 1:colcon.colcon_core.package_identification:_identify(install) by extension 'ignore'
[10.843s] Level 1:colcon.colcon_core.package_identification:_identify(install) ignored
[10.844s] Level 1:colcon.colcon_core.package_identification:_identify(log) by extensions ['ignore', 'ignore_ament_install']
[10.844s] Level 1:colcon.colcon_core.package_identification:_identify(log) by extension 'ignore'
[10.844s] Level 1:colcon.colcon_core.package_identification:_identify(log) ignored
[10.844s] Level 1:colcon.colcon_core.package_identification:_identify(src) by extensions ['ignore', 'ignore_ament_install']
[10.845s] Level 1:colcon.colcon_core.package_identification:_identify(src) by extension 'ignore'
[10.845s] Level 1:colcon.colcon_core.package_identification:_identify(src) by extension 'ignore_ament_install'
[10.845s] Level 1:colcon.colcon_core.package_identification:_identify(src) by extensions ['colcon_pkg']
[10.845s] Level 1:colcon.colcon_core.package_identification:_identify(src) by extension 'colcon_pkg'
[10.845s] Level 1:colcon.colcon_core.package_identification:_identify(src) by extensions ['colcon_meta']
[10.845s] Level 1:colcon.colcon_core.package_identification:_identify(src) by extension 'colcon_meta'
[10.845s] Level 1:colcon.colcon_core.package_identification:_identify(src) by extensions ['ros']
[10.845s] Level 1:colcon.colcon_core.package_identification:_identify(src) by extension 'ros'
[10.846s] Level 1:colcon.colcon_core.package_identification:_identify(src) by extensions ['cmake', 'python']
[10.846s] Level 1:colcon.colcon_core.package_identification:_identify(src) by extension 'cmake'
[10.846s] Level 1:colcon.colcon_core.package_identification:_identify(src) by extension 'python'
[10.846s] Level 1:colcon.colcon_core.package_identification:_identify(src) by extensions ['python_setup_py']
[10.846s] Level 1:colcon.colcon_core.package_identification:_identify(src) by extension 'python_setup_py'
[10.847s] Level 1:colcon.colcon_core.package_identification:_identify(src/ros2_homework_basic_package) by extensions ['ignore', 'ignore_ament_install']
[10.847s] Level 1:colcon.colcon_core.package_identification:_identify(src/ros2_homework_basic_package) by extension 'ignore'
[10.847s] Level 1:colcon.colcon_core.package_identification:_identify(src/ros2_homework_basic_package) by extension 'ignore_ament_install'
[10.847s] Level 1:colcon.colcon_core.package_identification:_identify(src/ros2_homework_basic_package) by extensions ['colcon_pkg']
[10.847s] Level 1:colcon.colcon_core.package_identification:_identify(src/ros2_homework_basic_package) by extension 'colcon_pkg'
[10.847s] Level 1:colcon.colcon_core.package_identification:_identify(src/ros2_homework_basic_package) by extensions ['colcon_meta']
[10.848s] Level 1:colcon.colcon_core.package_identification:_identify(src/ros2_homework_basic_package) by extension 'colcon_meta'
[10.848s] Level 1:colcon.colcon_core.package_identification:_identify(src/ros2_homework_basic_package) by extensions ['ros']
[10.848s] Level 1:colcon.colcon_core.package_identification:_identify(src/ros2_homework_basic_package) by extension 'ros'
[10.932s] DEBUG:colcon.colcon_core.package_identification:Package 'src/ros2_homework_basic_package' with type 'ros.ament_cmake' and name 'ros2_homework_basic_package'
[10.932s] Level 1:colcon.colcon_core.package_discovery:discover_packages(recursive) using defaults
[10.933s] Level 1:colcon.colcon_core.package_discovery:discover_packages(ignore) discover
[10.933s] Level 1:colcon.colcon_core.package_discovery:discover_packages(ignore) using defaults
[10.933s] Level 1:colcon.colcon_core.package_discovery:discover_packages(path) discover
[10.933s] Level 1:colcon.colcon_core.package_discovery:discover_packages(path) using defaults
[11.304s] Level 1:colcon.colcon_core.package_discovery:discover_packages(prefix_path) check parameters
[11.305s] Level 1:colcon.colcon_core.package_discovery:discover_packages(prefix_path) discover
[11.360s] DEBUG:colcon.colcon_installed_package_information.package_discovery:Found 1 installed packages in /home/jack/ros2_homework_basic_ws/install
[11.367s] DEBUG:colcon.colcon_installed_package_information.package_discovery:Found 320 installed packages in /opt/ros/humble
[11.376s] Level 1:colcon.colcon_core.package_discovery:discover_packages(prefix_path) using defaults
[11.611s] Level 5:colcon.colcon_core.verb:set package 'ros2_homework_basic_package' build argument 'cmake_args' from command line to 'None'
[11.611s] Level 5:colcon.colcon_core.verb:set package 'ros2_homework_basic_package' build argument 'cmake_target' from command line to 'None'
[11.611s] Level 5:colcon.colcon_core.verb:set package 'ros2_homework_basic_package' build argument 'cmake_target_skip_unavailable' from command line to 'False'
[11.611s] Level 5:colcon.colcon_core.verb:set package 'ros2_homework_basic_package' build argument 'cmake_clean_cache' from command line to 'False'
[11.611s] Level 5:colcon.colcon_core.verb:set package 'ros2_homework_basic_package' build argument 'cmake_clean_first' from command line to 'False'
[11.611s] Level 5:colcon.colcon_core.verb:set package 'ros2_homework_basic_package' build argument 'cmake_force_configure' from command line to 'False'
[11.612s] Level 5:colcon.colcon_core.verb:set package 'ros2_homework_basic_package' build argument 'ament_cmake_args' from command line to 'None'
[11.612s] Level 5:colcon.colcon_core.verb:set package 'ros2_homework_basic_package' build argument 'catkin_cmake_args' from command line to 'None'
[11.612s] Level 5:colcon.colcon_core.verb:set package 'ros2_homework_basic_package' build argument 'catkin_skip_building_tests' from command line to 'False'
[11.612s] DEBUG:colcon.colcon_core.verb:Building package 'ros2_homework_basic_package' with the following arguments: {'ament_cmake_args': None, 'build_base': '/home/jack/ros2_homework_basic_ws/build/ros2_homework_basic_package', 'catkin_cmake_args': None, 'catkin_skip_building_tests': False, 'cmake_args': None, 'cmake_clean_cache': False, 'cmake_clean_first': False, 'cmake_force_configure': False, 'cmake_target': None, 'cmake_target_skip_unavailable': False, 'install_base': '/home/jack/ros2_homework_basic_ws/install/ros2_homework_basic_package', 'merge_install': False, 'path': '/home/jack/ros2_homework_basic_ws/src/ros2_homework_basic_package', 'symlink_install': False, 'test_result_base': None}
[11.612s] INFO:colcon.colcon_core.executor:Executing jobs using 'parallel' executor
[11.614s] DEBUG:colcon.colcon_parallel_executor.executor.parallel:run_until_complete
[11.615s] INFO:colcon.colcon_ros.task.ament_cmake.build:Building ROS package in '/home/jack/ros2_homework_basic_ws/src/ros2_homework_basic_package' with build type 'ament_cmake'
[11.615s] INFO:colcon.colcon_cmake.task.cmake.build:Building CMake package in '/home/jack/ros2_homework_basic_ws/src/ros2_homework_basic_package'
[11.664s] INFO:colcon.colcon_core.plugin_system:Skipping extension 'colcon_core.shell.bat': Not used on non-Windows systems
[11.665s] INFO:colcon.colcon_core.shell:Skip shell extension 'powershell' for command environment: Not usable outside of PowerShell
[11.665s] DEBUG:colcon.colcon_core.shell:Skip shell extension 'dsv' for command environment
[11.790s] DEBUG:colcon.colcon_core.event_handler.log_command:Invoking command in '/home/jack/ros2_homework_basic_ws/build/ros2_homework_basic_package': CMAKE_PREFIX_PATH=${CMAKE_PREFIX_PATH}:/opt/ros/humble /usr/bin/cmake --build /home/jack/ros2_homework_basic_ws/build/ros2_homework_basic_package -- -j2 -l2
[37.940s] DEBUG:colcon.colcon_core.event_handler.log_command:Invoked command in '/home/jack/ros2_homework_basic_ws/build/ros2_homework_basic_package' returned '0': CMAKE_PREFIX_PATH=${CMAKE_PREFIX_PATH}:/opt/ros/humble /usr/bin/cmake --build /home/jack/ros2_homework_basic_ws/build/ros2_homework_basic_package -- -j2 -l2
[38.457s] DEBUG:colcon.colcon_core.event_handler.log_command:Invoking command in '/home/jack/ros2_homework_basic_ws/build/ros2_homework_basic_package': CMAKE_PREFIX_PATH=${CMAKE_PREFIX_PATH}:/opt/ros/humble /usr/bin/cmake --install /home/jack/ros2_homework_basic_ws/build/ros2_homework_basic_package
[40.424s] Level 1:colcon.colcon_core.environment:create_environment_scripts_only(ros2_homework_basic_package)
[40.425s] DEBUG:colcon.colcon_core.event_handler.log_command:Invoked command in '/home/jack/ros2_homework_basic_ws/build/ros2_homework_basic_package' returned '0': CMAKE_PREFIX_PATH=${CMAKE_PREFIX_PATH}:/opt/ros/humble /usr/bin/cmake --install /home/jack/ros2_homework_basic_ws/build/ros2_homework_basic_package
[42.000s] Level 1:colcon.colcon_core.environment:checking '/home/jack/ros2_homework_basic_ws/install/ros2_homework_basic_package' for CMake module files
[42.223s] Level 1:colcon.colcon_core.environment:checking '/home/jack/ros2_homework_basic_ws/install/ros2_homework_basic_package' for CMake config files
[42.343s] Level 1:colcon.colcon_core.shell:create_environment_hook('ros2_homework_basic_package', 'cmake_prefix_path')
[42.344s] INFO:colcon.colcon_core.shell:Creating environment hook '/home/jack/ros2_homework_basic_ws/install/ros2_homework_basic_package/share/ros2_homework_basic_package/hook/cmake_prefix_path.ps1'
[42.583s] INFO:colcon.colcon_core.shell:Creating environment descriptor '/home/jack/ros2_homework_basic_ws/install/ros2_homework_basic_package/share/ros2_homework_basic_package/hook/cmake_prefix_path.dsv'
[42.646s] INFO:colcon.colcon_core.shell:Creating environment hook '/home/jack/ros2_homework_basic_ws/install/ros2_homework_basic_package/share/ros2_homework_basic_package/hook/cmake_prefix_path.sh'
[42.710s] Level 1:colcon.colcon_core.environment:checking '/home/jack/ros2_homework_basic_ws/install/ros2_homework_basic_package/lib'
[42.710s] Level 1:colcon.colcon_core.environment:checking '/home/jack/ros2_homework_basic_ws/install/ros2_homework_basic_package/bin'
[42.711s] Level 1:colcon.colcon_core.environment:checking '/home/jack/ros2_homework_basic_ws/install/ros2_homework_basic_package/lib/pkgconfig/ros2_homework_basic_package.pc'
[42.712s] Level 1:colcon.colcon_core.environment:checking '/home/jack/ros2_homework_basic_ws/install/ros2_homework_basic_package/lib/python3.10/site-packages'
[42.713s] Level 1:colcon.colcon_core.environment:checking '/home/jack/ros2_homework_basic_ws/install/ros2_homework_basic_package/bin'
[42.713s] INFO:colcon.colcon_core.shell:Creating package script '/home/jack/ros2_homework_basic_ws/install/ros2_homework_basic_package/share/ros2_homework_basic_package/package.ps1'
[42.780s] INFO:colcon.colcon_core.shell:Creating package descriptor '/home/jack/ros2_homework_basic_ws/install/ros2_homework_basic_package/share/ros2_homework_basic_package/package.dsv'
[42.857s] INFO:colcon.colcon_core.shell:Creating package script '/home/jack/ros2_homework_basic_ws/install/ros2_homework_basic_package/share/ros2_homework_basic_package/package.sh'
[42.860s] INFO:colcon.colcon_core.shell:Creating package script '/home/jack/ros2_homework_basic_ws/install/ros2_homework_basic_package/share/ros2_homework_basic_package/package.bash'
[43.067s] INFO:colcon.colcon_core.shell:Creating package script '/home/jack/ros2_homework_basic_ws/install/ros2_homework_basic_package/share/ros2_homework_basic_package/package.zsh'
[43.133s] Level 1:colcon.colcon_core.environment:create_file_with_runtime_dependencies(/home/jack/ros2_homework_basic_ws/install/ros2_homework_basic_package/share/colcon-core/packages/ros2_homework_basic_package)
[43.137s] Level 1:colcon.colcon_core.environment:create_environment_scripts_only(ros2_homework_basic_package)
[43.140s] Level 1:colcon.colcon_core.environment:checking '/home/jack/ros2_homework_basic_ws/install/ros2_homework_basic_package' for CMake module files
[43.144s] Level 1:colcon.colcon_core.environment:checking '/home/jack/ros2_homework_basic_ws/install/ros2_homework_basic_package' for CMake config files
[43.144s] Level 1:colcon.colcon_core.shell:create_environment_hook('ros2_homework_basic_package', 'cmake_prefix_path')
[43.145s] INFO:colcon.colcon_core.shell:Creating environment hook '/home/jack/ros2_homework_basic_ws/install/ros2_homework_basic_package/share/ros2_homework_basic_package/hook/cmake_prefix_path.ps1'
[43.148s] INFO:colcon.colcon_core.shell:Creating environment descriptor '/home/jack/ros2_homework_basic_ws/install/ros2_homework_basic_package/share/ros2_homework_basic_package/hook/cmake_prefix_path.dsv'
[43.149s] INFO:colcon.colcon_core.shell:Creating environment hook '/home/jack/ros2_homework_basic_ws/install/ros2_homework_basic_package/share/ros2_homework_basic_package/hook/cmake_prefix_path.sh'
[43.151s] Level 1:colcon.colcon_core.environment:checking '/home/jack/ros2_homework_basic_ws/install/ros2_homework_basic_package/lib'
[43.151s] Level 1:colcon.colcon_core.environment:checking '/home/jack/ros2_homework_basic_ws/install/ros2_homework_basic_package/bin'
[43.152s] Level 1:colcon.colcon_core.environment:checking '/home/jack/ros2_homework_basic_ws/install/ros2_homework_basic_package/lib/pkgconfig/ros2_homework_basic_package.pc'
[43.152s] Level 1:colcon.colcon_core.environment:checking '/home/jack/ros2_homework_basic_ws/install/ros2_homework_basic_package/lib/python3.10/site-packages'
[43.154s] Level 1:colcon.colcon_core.environment:checking '/home/jack/ros2_homework_basic_ws/install/ros2_homework_basic_package/bin'
[43.155s] INFO:colcon.colcon_core.shell:Creating package script '/home/jack/ros2_homework_basic_ws/install/ros2_homework_basic_package/share/ros2_homework_basic_package/package.ps1'
[43.158s] INFO:colcon.colcon_core.shell:Creating package descriptor '/home/jack/ros2_homework_basic_ws/install/ros2_homework_basic_package/share/ros2_homework_basic_package/package.dsv'
[43.159s] INFO:colcon.colcon_core.shell:Creating package script '/home/jack/ros2_homework_basic_ws/install/ros2_homework_basic_package/share/ros2_homework_basic_package/package.sh'
[43.160s] INFO:colcon.colcon_core.shell:Creating package script '/home/jack/ros2_homework_basic_ws/install/ros2_homework_basic_package/share/ros2_homework_basic_package/package.bash'
[43.162s] INFO:colcon.colcon_core.shell:Creating package script '/home/jack/ros2_homework_basic_ws/install/ros2_homework_basic_package/share/ros2_homework_basic_package/package.zsh'
[43.189s] Level 1:colcon.colcon_core.environment:create_file_with_runtime_dependencies(/home/jack/ros2_homework_basic_ws/install/ros2_homework_basic_package/share/colcon-core/packages/ros2_homework_basic_package)
[43.190s] DEBUG:colcon.colcon_parallel_executor.executor.parallel:closing loop
[43.190s] DEBUG:colcon.colcon_parallel_executor.executor.parallel:loop closed
[43.191s] DEBUG:colcon.colcon_parallel_executor.executor.parallel:run_until_complete finished with '0'
[43.191s] DEBUG:colcon.colcon_core.event_reactor:joining thread
[44.123s] INFO:colcon.colcon_core.plugin_system:Skipping extension 'colcon_notification.desktop_notification.terminal_notifier': Not used on non-Darwin systems
[44.123s] INFO:colcon.colcon_core.plugin_system:Skipping extension 'colcon_notification.desktop_notification.win32': Not used on non-Windows systems
[44.123s] INFO:colcon.colcon_notification.desktop_notification:Sending desktop notification using 'notify2'
[44.196s] DEBUG:colcon.colcon_core.event_reactor:joined thread
[44.197s] INFO:colcon.colcon_core.shell:Creating prefix script '/home/jack/ros2_homework_basic_ws/install/local_setup.ps1'
[44.265s] INFO:colcon.colcon_core.shell:Creating prefix util module '/home/jack/ros2_homework_basic_ws/install/_local_setup_util_ps1.py'
[44.406s] INFO:colcon.colcon_core.shell:Creating prefix chain script '/home/jack/ros2_homework_basic_ws/install/setup.ps1'
[44.508s] INFO:colcon.colcon_core.shell:Creating prefix script '/home/jack/ros2_homework_basic_ws/install/local_setup.sh'
[44.574s] INFO:colcon.colcon_core.shell:Creating prefix util module '/home/jack/ros2_homework_basic_ws/install/_local_setup_util_sh.py'
[44.577s] INFO:colcon.colcon_core.shell:Creating prefix chain script '/home/jack/ros2_homework_basic_ws/install/setup.sh'
[44.664s] INFO:colcon.colcon_core.shell:Creating prefix script '/home/jack/ros2_homework_basic_ws/install/local_setup.bash'
[44.709s] INFO:colcon.colcon_core.shell:Creating prefix chain script '/home/jack/ros2_homework_basic_ws/install/setup.bash'
[44.809s] INFO:colcon.colcon_core.shell:Creating prefix script '/home/jack/ros2_homework_basic_ws/install/local_setup.zsh'
[44.941s] INFO:colcon.colcon_core.shell:Creating prefix chain script '/home/jack/ros2_homework_basic_ws/install/setup.zsh'
